build (products-feed)	Set up job	ï»¿2026-02-03T17:03:18.0627309Z Current runner version: '2.331.0'
build (products-feed)	Set up job	2026-02-03T17:03:18.0653305Z ##[group]Runner Image Provisioner
build (products-feed)	Set up job	2026-02-03T17:03:18.0654219Z Hosted Compute Agent
build (products-feed)	Set up job	2026-02-03T17:03:18.0654766Z Version: 20260123.484
build (products-feed)	Set up job	2026-02-03T17:03:18.0655370Z Commit: 6bd6555ca37d84114959e1c76d2c01448ff61c5d
build (products-feed)	Set up job	2026-02-03T17:03:18.0656005Z Build Date: 2026-01-23T19:41:17Z
build (products-feed)	Set up job	2026-02-03T17:03:18.0656730Z Worker ID: {56e17141-e16b-4bd5-97e0-2e144b76e749}
build (products-feed)	Set up job	2026-02-03T17:03:18.0657405Z Azure Region: westus
build (products-feed)	Set up job	2026-02-03T17:03:18.0657931Z ##[endgroup]
build (products-feed)	Set up job	2026-02-03T17:03:18.0659768Z ##[group]Operating System
build (products-feed)	Set up job	2026-02-03T17:03:18.0660391Z Ubuntu
build (products-feed)	Set up job	2026-02-03T17:03:18.0660817Z 24.04.3
build (products-feed)	Set up job	2026-02-03T17:03:18.0661358Z LTS
build (products-feed)	Set up job	2026-02-03T17:03:18.0661842Z ##[endgroup]
build (products-feed)	Set up job	2026-02-03T17:03:18.0662303Z ##[group]Runner Image
build (products-feed)	Set up job	2026-02-03T17:03:18.0662898Z Image: ubuntu-24.04
build (products-feed)	Set up job	2026-02-03T17:03:18.0663368Z Version: 20260126.10.1
build (products-feed)	Set up job	2026-02-03T17:03:18.0664350Z Included Software: https://github.com/actions/runner-images/blob/ubuntu24/20260126.10/images/ubuntu/Ubuntu2404-Readme.md
build (products-feed)	Set up job	2026-02-03T17:03:18.0666016Z Image Release: https://github.com/actions/runner-images/releases/tag/ubuntu24%2F20260126.10
build (products-feed)	Set up job	2026-02-03T17:03:18.0666888Z ##[endgroup]
build (products-feed)	Set up job	2026-02-03T17:03:18.0668077Z ##[group]GITHUB_TOKEN Permissions
build (products-feed)	Set up job	2026-02-03T17:03:18.0670114Z Contents: read
build (products-feed)	Set up job	2026-02-03T17:03:18.0670755Z Metadata: read
build (products-feed)	Set up job	2026-02-03T17:03:18.0671277Z Packages: write
build (products-feed)	Set up job	2026-02-03T17:03:18.0671831Z ##[endgroup]
build (products-feed)	Set up job	2026-02-03T17:03:18.0673944Z Secret source: Actions
build (products-feed)	Set up job	2026-02-03T17:03:18.0674756Z Prepare workflow directory
build (products-feed)	Set up job	2026-02-03T17:03:18.1190263Z Prepare all required actions
build (products-feed)	Set up job	2026-02-03T17:03:18.1226235Z Getting action download info
build (products-feed)	Set up job	2026-02-03T17:03:18.6319346Z Download action repository 'actions/checkout@v4' (SHA:34e114876b0b11c390a56381ad16ebd13914f8d5)
build (products-feed)	Set up job	2026-02-03T17:03:18.7731260Z Download action repository 'docker/setup-buildx-action@v3' (SHA:8d2750c68a42422c14e847fe6c8ac0403b4cbd6f)
build (products-feed)	Set up job	2026-02-03T17:03:20.0326686Z Download action repository 'docker/login-action@v3' (SHA:c94ce9fb468520275223c153574b00df6fe4bcc9)
build (products-feed)	Set up job	2026-02-03T17:03:21.2892814Z Download action repository 'docker/build-push-action@v5' (SHA:ca052bb54ab0790a636c9b5f226502c73d547a25)
build (products-feed)	Set up job	2026-02-03T17:03:22.5197087Z Complete job name: build (products-feed)
build (products-feed)	Checkout repository	ï»¿2026-02-03T17:03:22.5775126Z ##[group]Run actions/checkout@v4
build (products-feed)	Checkout repository	2026-02-03T17:03:22.5775839Z with:
build (products-feed)	Checkout repository	2026-02-03T17:03:22.5776167Z   repository: keepmeworking/bright-store-apps
build (products-feed)	Checkout repository	2026-02-03T17:03:22.5776865Z   token: ***
build (products-feed)	Checkout repository	2026-02-03T17:03:22.5777120Z   ssh-strict: true
build (products-feed)	Checkout repository	2026-02-03T17:03:22.5777420Z   ssh-user: git
build (products-feed)	Checkout repository	2026-02-03T17:03:22.5777746Z   persist-credentials: true
build (products-feed)	Checkout repository	2026-02-03T17:03:22.5778052Z   clean: true
build (products-feed)	Checkout repository	2026-02-03T17:03:22.5778295Z   sparse-checkout-cone-mode: true
build (products-feed)	Checkout repository	2026-02-03T17:03:22.5778682Z   fetch-depth: 1
build (products-feed)	Checkout repository	2026-02-03T17:03:22.5779094Z   fetch-tags: false
build (products-feed)	Checkout repository	2026-02-03T17:03:22.5779421Z   show-progress: true
build (products-feed)	Checkout repository	2026-02-03T17:03:22.5779777Z   lfs: false
build (products-feed)	Checkout repository	2026-02-03T17:03:22.5780006Z   submodules: false
build (products-feed)	Checkout repository	2026-02-03T17:03:22.5780294Z   set-safe-directory: true
build (products-feed)	Checkout repository	2026-02-03T17:03:22.5780892Z env:
build (products-feed)	Checkout repository	2026-02-03T17:03:22.5781197Z   REGISTRY: ghcr.io
build (products-feed)	Checkout repository	2026-02-03T17:03:22.5781516Z   IMAGE_NAME: keepmeworking/bright-store-apps
build (products-feed)	Checkout repository	2026-02-03T17:03:22.5781955Z ##[endgroup]
build (products-feed)	Checkout repository	2026-02-03T17:03:22.6901831Z Syncing repository: keepmeworking/bright-store-apps
build (products-feed)	Checkout repository	2026-02-03T17:03:22.6904371Z ##[group]Getting Git version info
build (products-feed)	Checkout repository	2026-02-03T17:03:22.6905308Z Working directory is '/home/runner/work/bright-store-apps/bright-store-apps'
build (products-feed)	Checkout repository	2026-02-03T17:03:22.6906614Z [command]/usr/bin/git version
build (products-feed)	Checkout repository	2026-02-03T17:03:22.7017962Z git version 2.52.0
build (products-feed)	Checkout repository	2026-02-03T17:03:22.7045007Z ##[endgroup]
build (products-feed)	Checkout repository	2026-02-03T17:03:22.7060708Z Temporarily overriding HOME='/home/runner/work/_temp/62248318-63d9-419a-9e71-bb72ea0b6d60' before making global git config changes
build (products-feed)	Checkout repository	2026-02-03T17:03:22.7062426Z Adding repository directory to the temporary git global config as a safe directory
build (products-feed)	Checkout repository	2026-02-03T17:03:22.7074563Z [command]/usr/bin/git config --global --add safe.directory /home/runner/work/bright-store-apps/bright-store-apps
build (products-feed)	Checkout repository	2026-02-03T17:03:22.7115715Z Deleting the contents of '/home/runner/work/bright-store-apps/bright-store-apps'
build (products-feed)	Checkout repository	2026-02-03T17:03:22.7119755Z ##[group]Initializing the repository
build (products-feed)	Checkout repository	2026-02-03T17:03:22.7124671Z [command]/usr/bin/git init /home/runner/work/bright-store-apps/bright-store-apps
build (products-feed)	Checkout repository	2026-02-03T17:03:22.7245355Z hint: Using 'master' as the name for the initial branch. This default branch name
build (products-feed)	Checkout repository	2026-02-03T17:03:22.7246489Z hint: will change to "main" in Git 3.0. To configure the initial branch name
build (products-feed)	Checkout repository	2026-02-03T17:03:22.7247247Z hint: to use in all of your new repositories, which will suppress this warning,
build (products-feed)	Checkout repository	2026-02-03T17:03:22.7247698Z hint: call:
build (products-feed)	Checkout repository	2026-02-03T17:03:22.7247961Z hint:
build (products-feed)	Checkout repository	2026-02-03T17:03:22.7248322Z hint: 	git config --global init.defaultBranch <name>
build (products-feed)	Checkout repository	2026-02-03T17:03:22.7249011Z hint:
build (products-feed)	Checkout repository	2026-02-03T17:03:22.7249469Z hint: Names commonly chosen instead of 'master' are 'main', 'trunk' and
build (products-feed)	Checkout repository	2026-02-03T17:03:22.7250409Z hint: 'development'. The just-created branch can be renamed via this command:
build (products-feed)	Checkout repository	2026-02-03T17:03:22.7251150Z hint:
build (products-feed)	Checkout repository	2026-02-03T17:03:22.7251416Z hint: 	git branch -m <name>
build (products-feed)	Checkout repository	2026-02-03T17:03:22.7251901Z hint:
build (products-feed)	Checkout repository	2026-02-03T17:03:22.7252345Z hint: Disable this message with "git config set advice.defaultBranchName false"
build (products-feed)	Checkout repository	2026-02-03T17:03:22.7253051Z Initialized empty Git repository in /home/runner/work/bright-store-apps/bright-store-apps/.git/
build (products-feed)	Checkout repository	2026-02-03T17:03:22.7261774Z [command]/usr/bin/git remote add origin https://github.com/keepmeworking/bright-store-apps
build (products-feed)	Checkout repository	2026-02-03T17:03:22.7296906Z ##[endgroup]
build (products-feed)	Checkout repository	2026-02-03T17:03:22.7297704Z ##[group]Disabling automatic garbage collection
build (products-feed)	Checkout repository	2026-02-03T17:03:22.7301996Z [command]/usr/bin/git config --local gc.auto 0
build (products-feed)	Checkout repository	2026-02-03T17:03:22.7330196Z ##[endgroup]
build (products-feed)	Checkout repository	2026-02-03T17:03:22.7331206Z ##[group]Setting up auth
build (products-feed)	Checkout repository	2026-02-03T17:03:22.7337550Z [command]/usr/bin/git config --local --name-only --get-regexp core\.sshCommand
build (products-feed)	Checkout repository	2026-02-03T17:03:22.7367993Z [command]/usr/bin/git submodule foreach --recursive sh -c "git config --local --name-only --get-regexp 'core\.sshCommand' && git config --local --unset-all 'core.sshCommand' || :"
build (products-feed)	Checkout repository	2026-02-03T17:03:22.7727044Z [command]/usr/bin/git config --local --name-only --get-regexp http\.https\:\/\/github\.com\/\.extraheader
build (products-feed)	Checkout repository	2026-02-03T17:03:22.7756708Z [command]/usr/bin/git submodule foreach --recursive sh -c "git config --local --name-only --get-regexp 'http\.https\:\/\/github\.com\/\.extraheader' && git config --local --unset-all 'http.https://github.com/.extraheader' || :"
build (products-feed)	Checkout repository	2026-02-03T17:03:22.7977570Z [command]/usr/bin/git config --local --name-only --get-regexp ^includeIf\.gitdir:
build (products-feed)	Checkout repository	2026-02-03T17:03:22.8009727Z [command]/usr/bin/git submodule foreach --recursive git config --local --show-origin --name-only --get-regexp remote.origin.url
build (products-feed)	Checkout repository	2026-02-03T17:03:22.8229146Z [command]/usr/bin/git config --local http.https://github.com/.extraheader AUTHORIZATION: basic ***
build (products-feed)	Checkout repository	2026-02-03T17:03:22.8262279Z ##[endgroup]
build (products-feed)	Checkout repository	2026-02-03T17:03:22.8263310Z ##[group]Fetching the repository
build (products-feed)	Checkout repository	2026-02-03T17:03:22.8271521Z [command]/usr/bin/git -c protocol.version=2 fetch --no-tags --prune --no-recurse-submodules --depth=1 origin +fba8deffdcac406789e6833dc6a409addd33f6ce:refs/remotes/origin/main
build (products-feed)	Checkout repository	2026-02-03T17:03:24.0018417Z From https://github.com/keepmeworking/bright-store-apps
build (products-feed)	Checkout repository	2026-02-03T17:03:24.0020192Z  * [new ref]         fba8deffdcac406789e6833dc6a409addd33f6ce -> origin/main
build (products-feed)	Checkout repository	2026-02-03T17:03:24.0053338Z ##[endgroup]
build (products-feed)	Checkout repository	2026-02-03T17:03:24.0054035Z ##[group]Determining the checkout info
build (products-feed)	Checkout repository	2026-02-03T17:03:24.0055608Z ##[endgroup]
build (products-feed)	Checkout repository	2026-02-03T17:03:24.0061460Z [command]/usr/bin/git sparse-checkout disable
build (products-feed)	Checkout repository	2026-02-03T17:03:24.0135123Z [command]/usr/bin/git config --local --unset-all extensions.worktreeConfig
build (products-feed)	Checkout repository	2026-02-03T17:03:24.0161896Z ##[group]Checking out the ref
build (products-feed)	Checkout repository	2026-02-03T17:03:24.0166356Z [command]/usr/bin/git checkout --progress --force -B main refs/remotes/origin/main
build (products-feed)	Checkout repository	2026-02-03T17:03:24.1663616Z Switched to a new branch 'main'
build (products-feed)	Checkout repository	2026-02-03T17:03:24.1664958Z branch 'main' set up to track 'origin/main'.
build (products-feed)	Checkout repository	2026-02-03T17:03:24.1683901Z ##[endgroup]
build (products-feed)	Checkout repository	2026-02-03T17:03:24.1721817Z [command]/usr/bin/git log -1 --format=%H
build (products-feed)	Checkout repository	2026-02-03T17:03:24.1744803Z fba8deffdcac406789e6833dc6a409addd33f6ce
build (products-feed)	Set up Docker Buildx	ï»¿2026-02-03T17:03:24.1960803Z ##[group]Run docker/setup-buildx-action@v3
build (products-feed)	Set up Docker Buildx	2026-02-03T17:03:24.1961150Z with:
build (products-feed)	Set up Docker Buildx	2026-02-03T17:03:24.1961349Z   driver: docker-container
build (products-feed)	Set up Docker Buildx	2026-02-03T17:03:24.1961562Z   use: true
build (products-feed)	Set up Docker Buildx	2026-02-03T17:03:24.1961748Z   keep-state: false
build (products-feed)	Set up Docker Buildx	2026-02-03T17:03:24.1961963Z   cache-binary: true
build (products-feed)	Set up Docker Buildx	2026-02-03T17:03:24.1962151Z   cleanup: true
build (products-feed)	Set up Docker Buildx	2026-02-03T17:03:24.1962333Z   install: false
build (products-feed)	Set up Docker Buildx	2026-02-03T17:03:24.1989555Z env:
build (products-feed)	Set up Docker Buildx	2026-02-03T17:03:24.1989810Z   REGISTRY: ghcr.io
build (products-feed)	Set up Docker Buildx	2026-02-03T17:03:24.1990101Z   IMAGE_NAME: keepmeworking/bright-store-apps
build (products-feed)	Set up Docker Buildx	2026-02-03T17:03:24.1990455Z ##[endgroup]
build (products-feed)	Set up Docker Buildx	2026-02-03T17:03:24.4508694Z ##[group]Docker info
build (products-feed)	Set up Docker Buildx	2026-02-03T17:03:24.4537306Z [command]/usr/bin/docker version
build (products-feed)	Set up Docker Buildx	2026-02-03T17:03:25.5019729Z Client: Docker Engine - Community
build (products-feed)	Set up Docker Buildx	2026-02-03T17:03:25.5022705Z  Version:           28.0.4
build (products-feed)	Set up Docker Buildx	2026-02-03T17:03:25.5023501Z  API version:       1.48
build (products-feed)	Set up Docker Buildx	2026-02-03T17:03:25.5023888Z  Go version:        go1.23.7
build (products-feed)	Set up Docker Buildx	2026-02-03T17:03:25.5024260Z  Git commit:        b8034c0
build (products-feed)	Set up Docker Buildx	2026-02-03T17:03:25.5024666Z  Built:             Tue Mar 25 15:07:16 2025
build (products-feed)	Set up Docker Buildx	2026-02-03T17:03:25.5025152Z  OS/Arch:           linux/amd64
build (products-feed)	Set up Docker Buildx	2026-02-03T17:03:25.5025520Z  Context:           default
build (products-feed)	Set up Docker Buildx	2026-02-03T17:03:25.5025742Z 
build (products-feed)	Set up Docker Buildx	2026-02-03T17:03:25.5025891Z Server: Docker Engine - Community
build (products-feed)	Set up Docker Buildx	2026-02-03T17:03:25.5026260Z  Engine:
build (products-feed)	Set up Docker Buildx	2026-02-03T17:03:25.5026525Z   Version:          28.0.4
build (products-feed)	Set up Docker Buildx	2026-02-03T17:03:25.5026914Z   API version:      1.48 (minimum version 1.24)
build (products-feed)	Set up Docker Buildx	2026-02-03T17:03:25.5027327Z   Go version:       go1.23.7
build (products-feed)	Set up Docker Buildx	2026-02-03T17:03:25.5027551Z   Git commit:       6430e49
build (products-feed)	Set up Docker Buildx	2026-02-03T17:03:25.5027776Z   Built:            Tue Mar 25 15:07:16 2025
build (products-feed)	Set up Docker Buildx	2026-02-03T17:03:25.5028026Z   OS/Arch:          linux/amd64
build (products-feed)	Set up Docker Buildx	2026-02-03T17:03:25.5028261Z   Experimental:     false
build (products-feed)	Set up Docker Buildx	2026-02-03T17:03:25.5028455Z  containerd:
build (products-feed)	Set up Docker Buildx	2026-02-03T17:03:25.5028633Z   Version:          v2.2.1
build (products-feed)	Set up Docker Buildx	2026-02-03T17:03:25.5029141Z   GitCommit:        dea7da592f5d1d2b7755e3a161be07f43fad8f75
build (products-feed)	Set up Docker Buildx	2026-02-03T17:03:25.5029437Z  runc:
build (products-feed)	Set up Docker Buildx	2026-02-03T17:03:25.5029595Z   Version:          1.3.4
build (products-feed)	Set up Docker Buildx	2026-02-03T17:03:25.5029810Z   GitCommit:        v1.3.4-0-gd6d73eb8
build (products-feed)	Set up Docker Buildx	2026-02-03T17:03:25.5030073Z  docker-init:
build (products-feed)	Set up Docker Buildx	2026-02-03T17:03:25.5030245Z   Version:          0.19.0
build (products-feed)	Set up Docker Buildx	2026-02-03T17:03:25.5030449Z   GitCommit:        de40ad0
build (products-feed)	Set up Docker Buildx	2026-02-03T17:03:25.5074790Z [command]/usr/bin/docker info
build (products-feed)	Set up Docker Buildx	2026-02-03T17:03:28.1383611Z Client: Docker Engine - Community
build (products-feed)	Set up Docker Buildx	2026-02-03T17:03:28.1386135Z  Version:    28.0.4
build (products-feed)	Set up Docker Buildx	2026-02-03T17:03:28.1386480Z  Context:    default
build (products-feed)	Set up Docker Buildx	2026-02-03T17:03:28.1386922Z  Debug Mode: false
build (products-feed)	Set up Docker Buildx	2026-02-03T17:03:28.1387257Z  Plugins:
build (products-feed)	Set up Docker Buildx	2026-02-03T17:03:28.1387559Z   buildx: Docker Buildx (Docker Inc.)
build (products-feed)	Set up Docker Buildx	2026-02-03T17:03:28.1387976Z     Version:  v0.31.0
build (products-feed)	Set up Docker Buildx	2026-02-03T17:03:28.1388417Z     Path:     /usr/libexec/docker/cli-plugins/docker-buildx
build (products-feed)	Set up Docker Buildx	2026-02-03T17:03:28.1389127Z   compose: Docker Compose (Docker Inc.)
build (products-feed)	Set up Docker Buildx	2026-02-03T17:03:28.1389619Z     Version:  v2.38.2
build (products-feed)	Set up Docker Buildx	2026-02-03T17:03:28.1390089Z     Path:     /usr/libexec/docker/cli-plugins/docker-compose
build (products-feed)	Set up Docker Buildx	2026-02-03T17:03:28.1390553Z 
build (products-feed)	Set up Docker Buildx	2026-02-03T17:03:28.1390863Z Server:
build (products-feed)	Set up Docker Buildx	2026-02-03T17:03:28.1391155Z  Containers: 0
build (products-feed)	Set up Docker Buildx	2026-02-03T17:03:28.1391457Z   Running: 0
build (products-feed)	Set up Docker Buildx	2026-02-03T17:03:28.1391720Z   Paused: 0
build (products-feed)	Set up Docker Buildx	2026-02-03T17:03:28.1391991Z   Stopped: 0
build (products-feed)	Set up Docker Buildx	2026-02-03T17:03:28.1392251Z  Images: 1
build (products-feed)	Set up Docker Buildx	2026-02-03T17:03:28.1392522Z  Server Version: 28.0.4
build (products-feed)	Set up Docker Buildx	2026-02-03T17:03:28.1392863Z  Storage Driver: overlay2
build (products-feed)	Set up Docker Buildx	2026-02-03T17:03:28.1393223Z   Backing Filesystem: extfs
build (products-feed)	Set up Docker Buildx	2026-02-03T17:03:28.1393567Z   Supports d_type: true
build (products-feed)	Set up Docker Buildx	2026-02-03T17:03:28.1393909Z   Using metacopy: false
build (products-feed)	Set up Docker Buildx	2026-02-03T17:03:28.1394288Z   Native Overlay Diff: false
build (products-feed)	Set up Docker Buildx	2026-02-03T17:03:28.1394657Z   userxattr: false
build (products-feed)	Set up Docker Buildx	2026-02-03T17:03:28.1394975Z  Logging Driver: json-file
build (products-feed)	Set up Docker Buildx	2026-02-03T17:03:28.1395378Z  Cgroup Driver: systemd
build (products-feed)	Set up Docker Buildx	2026-02-03T17:03:28.1395708Z  Cgroup Version: 2
build (products-feed)	Set up Docker Buildx	2026-02-03T17:03:28.1395999Z  Plugins:
build (products-feed)	Set up Docker Buildx	2026-02-03T17:03:28.1396305Z   Volume: local
build (products-feed)	Set up Docker Buildx	2026-02-03T17:03:28.1396665Z   Network: bridge host ipvlan macvlan null overlay
build (products-feed)	Set up Docker Buildx	2026-02-03T17:03:28.1397305Z   Log: awslogs fluentd gcplogs gelf journald json-file local splunk syslog
build (products-feed)	Set up Docker Buildx	2026-02-03T17:03:28.1398337Z  Swarm: inactive
build (products-feed)	Set up Docker Buildx	2026-02-03T17:03:28.1399359Z  Runtimes: io.containerd.runc.v2 runc
build (products-feed)	Set up Docker Buildx	2026-02-03T17:03:28.1399814Z  Default Runtime: runc
build (products-feed)	Set up Docker Buildx	2026-02-03T17:03:28.1400180Z  Init Binary: docker-init
build (products-feed)	Set up Docker Buildx	2026-02-03T17:03:28.1400712Z  containerd version: dea7da592f5d1d2b7755e3a161be07f43fad8f75
build (products-feed)	Set up Docker Buildx	2026-02-03T17:03:28.1401291Z  runc version: v1.3.4-0-gd6d73eb8
build (products-feed)	Set up Docker Buildx	2026-02-03T17:03:28.1401686Z  init version: de40ad0
build (products-feed)	Set up Docker Buildx	2026-02-03T17:03:28.1402007Z  Security Options:
build (products-feed)	Set up Docker Buildx	2026-02-03T17:03:28.1402315Z   apparmor
build (products-feed)	Set up Docker Buildx	2026-02-03T17:03:28.1402560Z   seccomp
build (products-feed)	Set up Docker Buildx	2026-02-03T17:03:28.1402817Z    Profile: builtin
build (products-feed)	Set up Docker Buildx	2026-02-03T17:03:28.1403100Z   cgroupns
build (products-feed)	Set up Docker Buildx	2026-02-03T17:03:28.1403384Z  Kernel Version: 6.11.0-1018-azure
build (products-feed)	Set up Docker Buildx	2026-02-03T17:03:28.1403809Z  Operating System: Ubuntu 24.04.3 LTS
build (products-feed)	Set up Docker Buildx	2026-02-03T17:03:28.1404189Z  OSType: linux
build (products-feed)	Set up Docker Buildx	2026-02-03T17:03:28.1404501Z  Architecture: x86_64
build (products-feed)	Set up Docker Buildx	2026-02-03T17:03:28.1404826Z  CPUs: 4
build (products-feed)	Set up Docker Buildx	2026-02-03T17:03:28.1405102Z  Total Memory: 15.62GiB
build (products-feed)	Set up Docker Buildx	2026-02-03T17:03:28.1405430Z  Name: runnervmkj6or
build (products-feed)	Set up Docker Buildx	2026-02-03T17:03:28.1405794Z  ID: d1587796-e338-4253-a941-b5a378ddb055
build (products-feed)	Set up Docker Buildx	2026-02-03T17:03:28.1406203Z  Docker Root Dir: /var/lib/docker
build (products-feed)	Set up Docker Buildx	2026-02-03T17:03:28.1406577Z  Debug Mode: false
build (products-feed)	Set up Docker Buildx	2026-02-03T17:03:28.1406890Z  Username: githubactions
build (products-feed)	Set up Docker Buildx	2026-02-03T17:03:28.1407253Z  Experimental: false
build (products-feed)	Set up Docker Buildx	2026-02-03T17:03:28.1407591Z  Insecure Registries:
build (products-feed)	Set up Docker Buildx	2026-02-03T17:03:28.1412212Z   ::1/128
build (products-feed)	Set up Docker Buildx	2026-02-03T17:03:28.1412552Z   127.0.0.0/8
build (products-feed)	Set up Docker Buildx	2026-02-03T17:03:28.1412884Z  Live Restore Enabled: false
build (products-feed)	Set up Docker Buildx	2026-02-03T17:03:28.1413163Z 
build (products-feed)	Set up Docker Buildx	2026-02-03T17:03:28.1413679Z ##[endgroup]
build (products-feed)	Set up Docker Buildx	2026-02-03T17:03:28.2669852Z ##[group]Buildx version
build (products-feed)	Set up Docker Buildx	2026-02-03T17:03:28.2701101Z [command]/usr/bin/docker buildx version
build (products-feed)	Set up Docker Buildx	2026-02-03T17:03:28.3616200Z github.com/docker/buildx v0.31.0 44945d71ff077ce7fc142fbdee6acec8d9acb630
build (products-feed)	Set up Docker Buildx	2026-02-03T17:03:28.3655293Z ##[endgroup]
build (products-feed)	Set up Docker Buildx	2026-02-03T17:03:28.3803949Z ##[group]Inspecting default docker context
build (products-feed)	Set up Docker Buildx	2026-02-03T17:03:28.3944710Z [
build (products-feed)	Set up Docker Buildx	2026-02-03T17:03:28.3945622Z   {
build (products-feed)	Set up Docker Buildx	2026-02-03T17:03:28.3945920Z     "Name": "default",
build (products-feed)	Set up Docker Buildx	2026-02-03T17:03:28.3946308Z     "Metadata": {},
build (products-feed)	Set up Docker Buildx	2026-02-03T17:03:28.3946678Z     "Endpoints": {
build (products-feed)	Set up Docker Buildx	2026-02-03T17:03:28.3947008Z       "docker": {
build (products-feed)	Set up Docker Buildx	2026-02-03T17:03:28.3947351Z         "Host": "unix:///var/run/docker.sock",
build (products-feed)	Set up Docker Buildx	2026-02-03T17:03:28.3947812Z         "SkipTLSVerify": false
build (products-feed)	Set up Docker Buildx	2026-02-03T17:03:28.3948213Z       }
build (products-feed)	Set up Docker Buildx	2026-02-03T17:03:28.3948486Z     },
build (products-feed)	Set up Docker Buildx	2026-02-03T17:03:28.3949027Z     "TLSMaterial": {},
build (products-feed)	Set up Docker Buildx	2026-02-03T17:03:28.3949353Z     "Storage": {
build (products-feed)	Set up Docker Buildx	2026-02-03T17:03:28.3949706Z       "MetadataPath": "<IN MEMORY>",
build (products-feed)	Set up Docker Buildx	2026-02-03T17:03:28.3950149Z       "TLSPath": "<IN MEMORY>"
build (products-feed)	Set up Docker Buildx	2026-02-03T17:03:28.3950650Z     }
build (products-feed)	Set up Docker Buildx	2026-02-03T17:03:28.3950929Z   }
build (products-feed)	Set up Docker Buildx	2026-02-03T17:03:28.3951202Z ]
build (products-feed)	Set up Docker Buildx	2026-02-03T17:03:28.3951913Z ##[endgroup]
build (products-feed)	Set up Docker Buildx	2026-02-03T17:03:28.3952564Z ##[group]Creating a new builder instance
build (products-feed)	Set up Docker Buildx	2026-02-03T17:03:28.5540151Z [command]/usr/bin/docker buildx create --name builder-574dabe4-e20c-459d-bd68-4dda92a5975f --driver docker-container --buildkitd-flags --allow-insecure-entitlement security.insecure --allow-insecure-entitlement network.host --use
build (products-feed)	Set up Docker Buildx	2026-02-03T17:03:28.6507634Z builder-574dabe4-e20c-459d-bd68-4dda92a5975f
build (products-feed)	Set up Docker Buildx	2026-02-03T17:03:28.6558158Z ##[endgroup]
build (products-feed)	Set up Docker Buildx	2026-02-03T17:03:28.6558546Z ##[group]Booting builder
build (products-feed)	Set up Docker Buildx	2026-02-03T17:03:28.6587925Z [command]/usr/bin/docker buildx inspect --bootstrap --builder builder-574dabe4-e20c-459d-bd68-4dda92a5975f
build (products-feed)	Set up Docker Buildx	2026-02-03T17:03:28.7251151Z #1 [internal] booting buildkit
build (products-feed)	Set up Docker Buildx	2026-02-03T17:03:28.8755424Z #1 pulling image moby/buildkit:buildx-stable-1
build (products-feed)	Set up Docker Buildx	2026-02-03T17:03:33.2172863Z #1 pulling image moby/buildkit:buildx-stable-1 4.5s done
build (products-feed)	Set up Docker Buildx	2026-02-03T17:03:33.3679462Z #1 creating container buildx_buildkit_builder-574dabe4-e20c-459d-bd68-4dda92a5975f0
build (products-feed)	Set up Docker Buildx	2026-02-03T17:03:33.9790614Z #1 creating container buildx_buildkit_builder-574dabe4-e20c-459d-bd68-4dda92a5975f0 0.8s done
build (products-feed)	Set up Docker Buildx	2026-02-03T17:03:33.9841795Z #1 DONE 5.3s
build (products-feed)	Set up Docker Buildx	2026-02-03T17:03:34.0093420Z Name:          builder-574dabe4-e20c-459d-bd68-4dda92a5975f
build (products-feed)	Set up Docker Buildx	2026-02-03T17:03:34.0094035Z Driver:        docker-container
build (products-feed)	Set up Docker Buildx	2026-02-03T17:03:34.0094461Z Last Activity: 2026-02-03 17:03:28 +0000 UTC
build (products-feed)	Set up Docker Buildx	2026-02-03T17:03:34.0095145Z 
build (products-feed)	Set up Docker Buildx	2026-02-03T17:03:34.0096284Z Nodes:
build (products-feed)	Set up Docker Buildx	2026-02-03T17:03:34.0096961Z Name:                  builder-574dabe4-e20c-459d-bd68-4dda92a5975f0
build (products-feed)	Set up Docker Buildx	2026-02-03T17:03:34.0097572Z Endpoint:              unix:///var/run/docker.sock
build (products-feed)	Set up Docker Buildx	2026-02-03T17:03:34.0098044Z Status:                running
build (products-feed)	Set up Docker Buildx	2026-02-03T17:03:34.0099125Z BuildKit daemon flags: --allow-insecure-entitlement security.insecure --allow-insecure-entitlement network.host
build (products-feed)	Set up Docker Buildx	2026-02-03T17:03:34.0100049Z BuildKit version:      v0.27.1
build (products-feed)	Set up Docker Buildx	2026-02-03T17:03:34.0100691Z Platforms:             linux/amd64, linux/amd64/v2, linux/amd64/v3, linux/386
build (products-feed)	Set up Docker Buildx	2026-02-03T17:03:34.0101262Z Labels:
build (products-feed)	Set up Docker Buildx	2026-02-03T17:03:34.0101636Z  org.mobyproject.buildkit.worker.executor:         oci
build (products-feed)	Set up Docker Buildx	2026-02-03T17:03:34.0102095Z  org.mobyproject.buildkit.worker.hostname:         f7e8384f7e3b
build (products-feed)	Set up Docker Buildx	2026-02-03T17:03:34.0102512Z  org.mobyproject.buildkit.worker.network:          host
build (products-feed)	Set up Docker Buildx	2026-02-03T17:03:34.0102893Z  org.mobyproject.buildkit.worker.oci.process-mode: sandbox
build (products-feed)	Set up Docker Buildx	2026-02-03T17:03:34.0103285Z  org.mobyproject.buildkit.worker.selinux.enabled:  false
build (products-feed)	Set up Docker Buildx	2026-02-03T17:03:34.0103683Z  org.mobyproject.buildkit.worker.snapshotter:      overlayfs
build (products-feed)	Set up Docker Buildx	2026-02-03T17:03:34.0103998Z GC Policy rule#0:
build (products-feed)	Set up Docker Buildx	2026-02-03T17:03:34.0104183Z  All:            false
build (products-feed)	Set up Docker Buildx	2026-02-03T17:03:34.0104498Z  Filters:        type==source.local,type==exec.cachemount,type==source.git.checkout
build (products-feed)	Set up Docker Buildx	2026-02-03T17:03:34.0104877Z  Keep Duration:  48h0m0s
build (products-feed)	Set up Docker Buildx	2026-02-03T17:03:34.0105071Z  Max Used Space: 488.3MiB
build (products-feed)	Set up Docker Buildx	2026-02-03T17:03:34.0105271Z GC Policy rule#1:
build (products-feed)	Set up Docker Buildx	2026-02-03T17:03:34.0105438Z  All:            false
build (products-feed)	Set up Docker Buildx	2026-02-03T17:03:34.0105637Z  Keep Duration:  1440h0m0s
build (products-feed)	Set up Docker Buildx	2026-02-03T17:03:34.0105839Z  Reserved Space: 9.313GiB
build (products-feed)	Set up Docker Buildx	2026-02-03T17:03:34.0106028Z  Max Used Space: 93.13GiB
build (products-feed)	Set up Docker Buildx	2026-02-03T17:03:34.0106220Z  Min Free Space: 27.01GiB
build (products-feed)	Set up Docker Buildx	2026-02-03T17:03:34.0106402Z GC Policy rule#2:
build (products-feed)	Set up Docker Buildx	2026-02-03T17:03:34.0106566Z  All:            false
build (products-feed)	Set up Docker Buildx	2026-02-03T17:03:34.0106739Z  Reserved Space: 9.313GiB
build (products-feed)	Set up Docker Buildx	2026-02-03T17:03:34.0106927Z  Max Used Space: 93.13GiB
build (products-feed)	Set up Docker Buildx	2026-02-03T17:03:34.0107112Z  Min Free Space: 27.01GiB
build (products-feed)	Set up Docker Buildx	2026-02-03T17:03:34.0107305Z GC Policy rule#3:
build (products-feed)	Set up Docker Buildx	2026-02-03T17:03:34.0107477Z  All:            true
build (products-feed)	Set up Docker Buildx	2026-02-03T17:03:34.0107662Z  Reserved Space: 9.313GiB
build (products-feed)	Set up Docker Buildx	2026-02-03T17:03:34.0107862Z  Max Used Space: 93.13GiB
build (products-feed)	Set up Docker Buildx	2026-02-03T17:03:34.0108046Z  Min Free Space: 27.01GiB
build (products-feed)	Set up Docker Buildx	2026-02-03T17:03:34.0149442Z ##[endgroup]
build (products-feed)	Set up Docker Buildx	2026-02-03T17:03:34.1175068Z ##[group]Inspect builder
build (products-feed)	Set up Docker Buildx	2026-02-03T17:03:34.1177927Z {
build (products-feed)	Set up Docker Buildx	2026-02-03T17:03:34.1178198Z   "nodes": [
build (products-feed)	Set up Docker Buildx	2026-02-03T17:03:34.1178476Z     {
build (products-feed)	Set up Docker Buildx	2026-02-03T17:03:34.1179076Z       "name": "builder-574dabe4-e20c-459d-bd68-4dda92a5975f0",
build (products-feed)	Set up Docker Buildx	2026-02-03T17:03:34.1179640Z       "endpoint": "unix:///var/run/docker.sock",
build (products-feed)	Set up Docker Buildx	2026-02-03T17:03:34.1180104Z       "status": "running",
build (products-feed)	Set up Docker Buildx	2026-02-03T17:03:34.1180915Z       "buildkitd-flags": "--allow-insecure-entitlement security.insecure --allow-insecure-entitlement network.host",
build (products-feed)	Set up Docker Buildx	2026-02-03T17:03:34.1181728Z       "buildkit": "v0.27.1",
build (products-feed)	Set up Docker Buildx	2026-02-03T17:03:34.1182210Z       "platforms": "linux/amd64,linux/amd64/v2,linux/amd64/v3,linux/386",
build (products-feed)	Set up Docker Buildx	2026-02-03T17:03:34.1182804Z       "features": {
build (products-feed)	Set up Docker Buildx	2026-02-03T17:03:34.1183293Z         "Automatically load images to the Docker Engine image store": true,
build (products-feed)	Set up Docker Buildx	2026-02-03T17:03:34.1183880Z         "Cache export": true,
build (products-feed)	Set up Docker Buildx	2026-02-03T17:03:34.1184136Z         "Direct push": true,
build (products-feed)	Set up Docker Buildx	2026-02-03T17:03:34.1184354Z         "Docker exporter": true,
build (products-feed)	Set up Docker Buildx	2026-02-03T17:03:34.1184594Z         "Multi-platform build": true,
build (products-feed)	Set up Docker Buildx	2026-02-03T17:03:34.1184827Z         "OCI exporter": true
build (products-feed)	Set up Docker Buildx	2026-02-03T17:03:34.1185025Z       },
build (products-feed)	Set up Docker Buildx	2026-02-03T17:03:34.1185271Z       "labels": {
build (products-feed)	Set up Docker Buildx	2026-02-03T17:03:34.1185673Z         "org.mobyproject.buildkit.worker.executor": "oci",
build (products-feed)	Set up Docker Buildx	2026-02-03T17:03:34.1186289Z         "org.mobyproject.buildkit.worker.hostname": "f7e8384f7e3b",
build (products-feed)	Set up Docker Buildx	2026-02-03T17:03:34.1186664Z         "org.mobyproject.buildkit.worker.network": "host",
build (products-feed)	Set up Docker Buildx	2026-02-03T17:03:34.1187059Z         "org.mobyproject.buildkit.worker.oci.process-mode": "sandbox",
build (products-feed)	Set up Docker Buildx	2026-02-03T17:03:34.1187474Z         "org.mobyproject.buildkit.worker.selinux.enabled": "false",
build (products-feed)	Set up Docker Buildx	2026-02-03T17:03:34.1188222Z         "org.mobyproject.buildkit.worker.snapshotter": "overlayfs"
build (products-feed)	Set up Docker Buildx	2026-02-03T17:03:34.1188975Z       },
build (products-feed)	Set up Docker Buildx	2026-02-03T17:03:34.1189179Z       "gcPolicy": [
build (products-feed)	Set up Docker Buildx	2026-02-03T17:03:34.1189355Z         {
build (products-feed)	Set up Docker Buildx	2026-02-03T17:03:34.1189503Z           "all": false,
build (products-feed)	Set up Docker Buildx	2026-02-03T17:03:34.1189687Z           "filter": [
build (products-feed)	Set up Docker Buildx	2026-02-03T17:03:34.1189873Z             "type==source.local",
build (products-feed)	Set up Docker Buildx	2026-02-03T17:03:34.1190101Z             "type==exec.cachemount",
build (products-feed)	Set up Docker Buildx	2026-02-03T17:03:34.1190339Z             "type==source.git.checkout"
build (products-feed)	Set up Docker Buildx	2026-02-03T17:03:34.1190568Z           ],
build (products-feed)	Set up Docker Buildx	2026-02-03T17:03:34.1190745Z           "keepDuration": "48h0m0s",
build (products-feed)	Set up Docker Buildx	2026-02-03T17:03:34.1190969Z           "maxUsedSpace": "488.3MiB"
build (products-feed)	Set up Docker Buildx	2026-02-03T17:03:34.1191180Z         },
build (products-feed)	Set up Docker Buildx	2026-02-03T17:03:34.1191320Z         {
build (products-feed)	Set up Docker Buildx	2026-02-03T17:03:34.1191467Z           "all": false,
build (products-feed)	Set up Docker Buildx	2026-02-03T17:03:34.1191900Z           "keepDuration": "1440h0m0s",
build (products-feed)	Set up Docker Buildx	2026-02-03T17:03:34.1192298Z           "reservedSpace": "9.313GiB",
build (products-feed)	Set up Docker Buildx	2026-02-03T17:03:34.1192705Z           "maxUsedSpace": "93.13GiB",
build (products-feed)	Set up Docker Buildx	2026-02-03T17:03:34.1193110Z           "minFreeSpace": "27.01GiB"
build (products-feed)	Set up Docker Buildx	2026-02-03T17:03:34.1193469Z         },
build (products-feed)	Set up Docker Buildx	2026-02-03T17:03:34.1193720Z         {
build (products-feed)	Set up Docker Buildx	2026-02-03T17:03:34.1193980Z           "all": false,
build (products-feed)	Set up Docker Buildx	2026-02-03T17:03:34.1194320Z           "reservedSpace": "9.313GiB",
build (products-feed)	Set up Docker Buildx	2026-02-03T17:03:34.1194577Z           "maxUsedSpace": "93.13GiB",
build (products-feed)	Set up Docker Buildx	2026-02-03T17:03:34.1194799Z           "minFreeSpace": "27.01GiB"
build (products-feed)	Set up Docker Buildx	2026-02-03T17:03:34.1195006Z         },
build (products-feed)	Set up Docker Buildx	2026-02-03T17:03:34.1195146Z         {
build (products-feed)	Set up Docker Buildx	2026-02-03T17:03:34.1195293Z           "all": true,
build (products-feed)	Set up Docker Buildx	2026-02-03T17:03:34.1195475Z           "reservedSpace": "9.313GiB",
build (products-feed)	Set up Docker Buildx	2026-02-03T17:03:34.1195701Z           "maxUsedSpace": "93.13GiB",
build (products-feed)	Set up Docker Buildx	2026-02-03T17:03:34.1195916Z           "minFreeSpace": "27.01GiB"
build (products-feed)	Set up Docker Buildx	2026-02-03T17:03:34.1196122Z         }
build (products-feed)	Set up Docker Buildx	2026-02-03T17:03:34.1196260Z       ]
build (products-feed)	Set up Docker Buildx	2026-02-03T17:03:34.1196404Z     }
build (products-feed)	Set up Docker Buildx	2026-02-03T17:03:34.1196545Z   ],
build (products-feed)	Set up Docker Buildx	2026-02-03T17:03:34.1196753Z   "name": "builder-574dabe4-e20c-459d-bd68-4dda92a5975f",
build (products-feed)	Set up Docker Buildx	2026-02-03T17:03:34.1197058Z   "driver": "docker-container",
build (products-feed)	Set up Docker Buildx	2026-02-03T17:03:34.1197305Z   "lastActivity": "2026-02-03T17:03:28.000Z"
build (products-feed)	Set up Docker Buildx	2026-02-03T17:03:34.1197549Z }
build (products-feed)	Set up Docker Buildx	2026-02-03T17:03:34.1198250Z ##[endgroup]
build (products-feed)	Set up Docker Buildx	2026-02-03T17:03:34.1198939Z ##[group]BuildKit version
build (products-feed)	Set up Docker Buildx	2026-02-03T17:03:34.1199405Z builder-574dabe4-e20c-459d-bd68-4dda92a5975f0: v0.27.1
build (products-feed)	Set up Docker Buildx	2026-02-03T17:03:34.1200079Z ##[endgroup]
build (products-feed)	Log in to GitHub Container Registry	ï»¿2026-02-03T17:03:34.1325137Z ##[group]Run docker/login-action@v3
build (products-feed)	Log in to GitHub Container Registry	2026-02-03T17:03:34.1325395Z with:
build (products-feed)	Log in to GitHub Container Registry	2026-02-03T17:03:34.1325567Z   registry: ghcr.io
build (products-feed)	Log in to GitHub Container Registry	2026-02-03T17:03:34.1325762Z   username: keepmeworking
build (products-feed)	Log in to GitHub Container Registry	2026-02-03T17:03:34.1326192Z   password: ***
build (products-feed)	Log in to GitHub Container Registry	2026-02-03T17:03:34.1326378Z   logout: true
build (products-feed)	Log in to GitHub Container Registry	2026-02-03T17:03:34.1326539Z env:
build (products-feed)	Log in to GitHub Container Registry	2026-02-03T17:03:34.1326694Z   REGISTRY: ghcr.io
build (products-feed)	Log in to GitHub Container Registry	2026-02-03T17:03:34.1326914Z   IMAGE_NAME: keepmeworking/bright-store-apps
build (products-feed)	Log in to GitHub Container Registry	2026-02-03T17:03:34.1327177Z ##[endgroup]
build (products-feed)	Log in to GitHub Container Registry	2026-02-03T17:03:34.4343974Z Logging into ghcr.io...
build (products-feed)	Log in to GitHub Container Registry	2026-02-03T17:03:35.2424842Z Login Succeeded!
build (products-feed)	Map Package Names	ï»¿2026-02-03T17:03:35.2560960Z ##[group]Run case "products-feed" in
build (products-feed)	Map Package Names	2026-02-03T17:03:35.2561541Z [36;1mcase "products-feed" in[0m
build (products-feed)	Map Package Names	2026-02-03T17:03:35.2561928Z [36;1m  "smtp") echo "pkg=saleor-app-smtp" >> $GITHUB_OUTPUT ;;[0m
build (products-feed)	Map Package Names	2026-02-03T17:03:35.2562368Z [36;1m  "search") echo "pkg=saleor-app-search" >> $GITHUB_OUTPUT ;;[0m
build (products-feed)	Map Package Names	2026-02-03T17:03:35.2562834Z [36;1m  "products-feed") echo "pkg=saleor-app-products-feed" >> $GITHUB_OUTPUT ;;[0m
build (products-feed)	Map Package Names	2026-02-03T17:03:35.2563310Z [36;1m  "segment") echo "pkg=saleor-app-segment" >> $GITHUB_OUTPUT ;;[0m
build (products-feed)	Map Package Names	2026-02-03T17:03:35.2563726Z [36;1m  "cms") echo "pkg=saleor-app-cms" >> $GITHUB_OUTPUT ;;[0m
build (products-feed)	Map Package Names	2026-02-03T17:03:35.2564158Z [36;1m  "stripe") echo "pkg=saleor-app-payment-stripe" >> $GITHUB_OUTPUT ;;[0m
build (products-feed)	Map Package Names	2026-02-03T17:03:35.2564611Z [36;1m  "avatax") echo "pkg=saleor-app-avatax" >> $GITHUB_OUTPUT ;;[0m
build (products-feed)	Map Package Names	2026-02-03T17:03:35.2565017Z [36;1m  "klaviyo") echo "pkg=saleor-app-klaviyo" >> $GITHUB_OUTPUT ;;[0m
build (products-feed)	Map Package Names	2026-02-03T17:03:35.2565501Z [36;1m  "np-atobarai") echo "pkg=saleor-app-payment-np-atobarai" >> $GITHUB_OUTPUT ;;[0m
build (products-feed)	Map Package Names	2026-02-03T17:03:35.2565924Z [36;1mesac[0m
build (products-feed)	Map Package Names	2026-02-03T17:03:35.2600722Z shell: /usr/bin/bash -e {0}
build (products-feed)	Map Package Names	2026-02-03T17:03:35.2600976Z env:
build (products-feed)	Map Package Names	2026-02-03T17:03:35.2601136Z   REGISTRY: ghcr.io
build (products-feed)	Map Package Names	2026-02-03T17:03:35.2601379Z   IMAGE_NAME: keepmeworking/bright-store-apps
build (products-feed)	Map Package Names	2026-02-03T17:03:35.2601647Z ##[endgroup]
build (products-feed)	Build and push	ï»¿2026-02-03T17:03:35.2755869Z ##[group]Run docker/build-push-action@v5
build (products-feed)	Build and push	2026-02-03T17:03:35.2756385Z with:
build (products-feed)	Build and push	2026-02-03T17:03:35.2756616Z   context: .
build (products-feed)	Build and push	2026-02-03T17:03:35.2757004Z   file: ./Dockerfile.app
build (products-feed)	Build and push	2026-02-03T17:03:35.2757268Z   push: true
build (products-feed)	Build and push	2026-02-03T17:03:35.2758013Z   tags: ghcr.io/keepmeworking/bright-store-apps/products-feed:latest
build (products-feed)	Build and push	ghcr.io/keepmeworking/bright-store-apps/products-feed:fba8deffdcac406789e6833dc6a409addd33f6ce
build (products-feed)	Build and push	
build (products-feed)	Build and push	2026-02-03T17:03:35.2759263Z   build-args: APP_NAME=saleor-app-products-feed
build (products-feed)	Build and push	APP_DIR=products-feed
build (products-feed)	Build and push	
build (products-feed)	Build and push	2026-02-03T17:03:35.2759704Z   cache-from: type=gha
build (products-feed)	Build and push	2026-02-03T17:03:35.2760075Z   cache-to: type=gha,mode=max
build (products-feed)	Build and push	2026-02-03T17:03:35.2760391Z   load: false
build (products-feed)	Build and push	2026-02-03T17:03:35.2760675Z   no-cache: false
build (products-feed)	Build and push	2026-02-03T17:03:35.2760907Z   pull: false
build (products-feed)	Build and push	2026-02-03T17:03:35.2761361Z   github-token: ***
build (products-feed)	Build and push	2026-02-03T17:03:35.2761664Z env:
build (products-feed)	Build and push	2026-02-03T17:03:35.2761883Z   REGISTRY: ghcr.io
build (products-feed)	Build and push	2026-02-03T17:03:35.2762263Z   IMAGE_NAME: keepmeworking/bright-store-apps
build (products-feed)	Build and push	2026-02-03T17:03:35.2762605Z ##[endgroup]
build (products-feed)	Build and push	2026-02-03T17:03:35.4989657Z ##[group]GitHub Actions runtime token ACs
build (products-feed)	Build and push	2026-02-03T17:03:35.4999443Z refs/heads/main: read/write
build (products-feed)	Build and push	2026-02-03T17:03:35.5000808Z ##[endgroup]
build (products-feed)	Build and push	2026-02-03T17:03:35.5001607Z ##[group]Docker info
build (products-feed)	Build and push	2026-02-03T17:03:35.5042025Z [command]/usr/bin/docker version
build (products-feed)	Build and push	2026-02-03T17:03:35.5225014Z Client: Docker Engine - Community
build (products-feed)	Build and push	2026-02-03T17:03:35.5225726Z  Version:           28.0.4
build (products-feed)	Build and push	2026-02-03T17:03:35.5228208Z  API version:       1.48
build (products-feed)	Build and push	2026-02-03T17:03:35.5228685Z  Go version:        go1.23.7
build (products-feed)	Build and push	2026-02-03T17:03:35.5229410Z  Git commit:        b8034c0
build (products-feed)	Build and push	2026-02-03T17:03:35.5229886Z  Built:             Tue Mar 25 15:07:16 2025
build (products-feed)	Build and push	2026-02-03T17:03:35.5230415Z  OS/Arch:           linux/amd64
build (products-feed)	Build and push	2026-02-03T17:03:35.5230954Z  Context:           default
build (products-feed)	Build and push	2026-02-03T17:03:35.5231247Z 
build (products-feed)	Build and push	2026-02-03T17:03:35.5231472Z Server: Docker Engine - Community
build (products-feed)	Build and push	2026-02-03T17:03:35.5231902Z  Engine:
build (products-feed)	Build and push	2026-02-03T17:03:35.5232334Z   Version:          28.0.4
build (products-feed)	Build and push	2026-02-03T17:03:35.5232793Z   API version:      1.48 (minimum version 1.24)
build (products-feed)	Build and push	2026-02-03T17:03:35.5233419Z   Go version:       go1.23.7
build (products-feed)	Build and push	2026-02-03T17:03:35.5233888Z   Git commit:       6430e49
build (products-feed)	Build and push	2026-02-03T17:03:35.5234389Z   Built:            Tue Mar 25 15:07:16 2025
build (products-feed)	Build and push	2026-02-03T17:03:35.5234876Z   OS/Arch:          linux/amd64
build (products-feed)	Build and push	2026-02-03T17:03:35.5235396Z   Experimental:     false
build (products-feed)	Build and push	2026-02-03T17:03:35.5235860Z  containerd:
build (products-feed)	Build and push	2026-02-03T17:03:35.5236259Z   Version:          v2.2.1
build (products-feed)	Build and push	2026-02-03T17:03:35.5236856Z   GitCommit:        dea7da592f5d1d2b7755e3a161be07f43fad8f75
build (products-feed)	Build and push	2026-02-03T17:03:35.5237456Z  runc:
build (products-feed)	Build and push	2026-02-03T17:03:35.5237862Z   Version:          1.3.4
build (products-feed)	Build and push	2026-02-03T17:03:35.5238145Z   GitCommit:        v1.3.4-0-gd6d73eb8
build (products-feed)	Build and push	2026-02-03T17:03:35.5238681Z  docker-init:
build (products-feed)	Build and push	2026-02-03T17:03:35.5239221Z   Version:          0.19.0
build (products-feed)	Build and push	2026-02-03T17:03:35.5239514Z   GitCommit:        de40ad0
build (products-feed)	Build and push	2026-02-03T17:03:35.5274737Z [command]/usr/bin/docker info
build (products-feed)	Build and push	2026-02-03T17:03:35.6545357Z Client: Docker Engine - Community
build (products-feed)	Build and push	2026-02-03T17:03:35.6546153Z  Version:    28.0.4
build (products-feed)	Build and push	2026-02-03T17:03:35.6546617Z  Context:    default
build (products-feed)	Build and push	2026-02-03T17:03:35.6547078Z  Debug Mode: false
build (products-feed)	Build and push	2026-02-03T17:03:35.6547688Z  Plugins:
build (products-feed)	Build and push	2026-02-03T17:03:35.6548081Z   buildx: Docker Buildx (Docker Inc.)
build (products-feed)	Build and push	2026-02-03T17:03:35.6548499Z     Version:  v0.31.0
build (products-feed)	Build and push	2026-02-03T17:03:35.6549118Z     Path:     /usr/libexec/docker/cli-plugins/docker-buildx
build (products-feed)	Build and push	2026-02-03T17:03:35.6549590Z   compose: Docker Compose (Docker Inc.)
build (products-feed)	Build and push	2026-02-03T17:03:35.6549931Z     Version:  v2.38.2
build (products-feed)	Build and push	2026-02-03T17:03:35.6550287Z     Path:     /usr/libexec/docker/cli-plugins/docker-compose
build (products-feed)	Build and push	2026-02-03T17:03:35.6550571Z 
build (products-feed)	Build and push	2026-02-03T17:03:35.6550737Z Server:
build (products-feed)	Build and push	2026-02-03T17:03:35.6550951Z  Containers: 1
build (products-feed)	Build and push	2026-02-03T17:03:35.6551255Z   Running: 1
build (products-feed)	Build and push	2026-02-03T17:03:35.6551487Z   Paused: 0
build (products-feed)	Build and push	2026-02-03T17:03:35.6551737Z   Stopped: 0
build (products-feed)	Build and push	2026-02-03T17:03:35.6552234Z  Images: 2
build (products-feed)	Build and push	2026-02-03T17:03:35.6552597Z  Server Version: 28.0.4
build (products-feed)	Build and push	2026-02-03T17:03:35.6552892Z  Storage Driver: overlay2
build (products-feed)	Build and push	2026-02-03T17:03:35.6553145Z   Backing Filesystem: extfs
build (products-feed)	Build and push	2026-02-03T17:03:35.6553508Z   Supports d_type: true
build (products-feed)	Build and push	2026-02-03T17:03:35.6553760Z   Using metacopy: false
build (products-feed)	Build and push	2026-02-03T17:03:35.6554227Z   Native Overlay Diff: false
build (products-feed)	Build and push	2026-02-03T17:03:35.6554594Z   userxattr: false
build (products-feed)	Build and push	2026-02-03T17:03:35.6554877Z  Logging Driver: json-file
build (products-feed)	Build and push	2026-02-03T17:03:35.6555135Z  Cgroup Driver: systemd
build (products-feed)	Build and push	2026-02-03T17:03:35.6555465Z  Cgroup Version: 2
build (products-feed)	Build and push	2026-02-03T17:03:35.6555691Z  Plugins:
build (products-feed)	Build and push	2026-02-03T17:03:35.6555937Z   Volume: local
build (products-feed)	Build and push	2026-02-03T17:03:35.6556315Z   Network: bridge host ipvlan macvlan null overlay
build (products-feed)	Build and push	2026-02-03T17:03:35.6556750Z   Log: awslogs fluentd gcplogs gelf journald json-file local splunk syslog
build (products-feed)	Build and push	2026-02-03T17:03:35.6557183Z  Swarm: inactive
build (products-feed)	Build and push	2026-02-03T17:03:35.6557463Z  Runtimes: io.containerd.runc.v2 runc
build (products-feed)	Build and push	2026-02-03T17:03:35.6557864Z  Default Runtime: runc
build (products-feed)	Build and push	2026-02-03T17:03:35.6558319Z  Init Binary: docker-init
build (products-feed)	Build and push	2026-02-03T17:03:35.6559040Z  containerd version: dea7da592f5d1d2b7755e3a161be07f43fad8f75
build (products-feed)	Build and push	2026-02-03T17:03:35.6559502Z  runc version: v1.3.4-0-gd6d73eb8
build (products-feed)	Build and push	2026-02-03T17:03:35.6559790Z  init version: de40ad0
build (products-feed)	Build and push	2026-02-03T17:03:35.6560106Z  Security Options:
build (products-feed)	Build and push	2026-02-03T17:03:35.6560358Z   apparmor
build (products-feed)	Build and push	2026-02-03T17:03:35.6560606Z   seccomp
build (products-feed)	Build and push	2026-02-03T17:03:35.6560922Z    Profile: builtin
build (products-feed)	Build and push	2026-02-03T17:03:35.6561257Z   cgroupns
build (products-feed)	Build and push	2026-02-03T17:03:35.6561480Z  Kernel Version: 6.11.0-1018-azure
build (products-feed)	Build and push	2026-02-03T17:03:35.6561792Z  Operating System: Ubuntu 24.04.3 LTS
build (products-feed)	Build and push	2026-02-03T17:03:35.6562155Z  OSType: linux
build (products-feed)	Build and push	2026-02-03T17:03:35.6562517Z  Architecture: x86_64
build (products-feed)	Build and push	2026-02-03T17:03:35.6562972Z  CPUs: 4
build (products-feed)	Build and push	2026-02-03T17:03:35.6563398Z  Total Memory: 15.62GiB
build (products-feed)	Build and push	2026-02-03T17:03:35.6563785Z  Name: runnervmkj6or
build (products-feed)	Build and push	2026-02-03T17:03:35.6564051Z  ID: d1587796-e338-4253-a941-b5a378ddb055
build (products-feed)	Build and push	2026-02-03T17:03:35.6564452Z  Docker Root Dir: /var/lib/docker
build (products-feed)	Build and push	2026-02-03T17:03:35.6564729Z  Debug Mode: false
build (products-feed)	Build and push	2026-02-03T17:03:35.6565035Z  Username: githubactions
build (products-feed)	Build and push	2026-02-03T17:03:35.6565329Z  Experimental: false
build (products-feed)	Build and push	2026-02-03T17:03:35.6565632Z  Insecure Registries:
build (products-feed)	Build and push	2026-02-03T17:03:35.6565894Z   ::1/128
build (products-feed)	Build and push	2026-02-03T17:03:35.6566163Z   127.0.0.0/8
build (products-feed)	Build and push	2026-02-03T17:03:35.6566556Z  Live Restore Enabled: false
build (products-feed)	Build and push	2026-02-03T17:03:35.6566846Z 
build (products-feed)	Build and push	2026-02-03T17:03:35.6567390Z ##[endgroup]
build (products-feed)	Build and push	2026-02-03T17:03:35.6567914Z ##[group]Proxy configuration
build (products-feed)	Build and push	2026-02-03T17:03:35.6568240Z No proxy configuration found
build (products-feed)	Build and push	2026-02-03T17:03:35.6568913Z ##[endgroup]
build (products-feed)	Build and push	2026-02-03T17:03:35.7232148Z ##[group]Buildx version
build (products-feed)	Build and push	2026-02-03T17:03:35.7256898Z [command]/usr/bin/docker buildx version
build (products-feed)	Build and push	2026-02-03T17:03:35.7853275Z github.com/docker/buildx v0.31.0 44945d71ff077ce7fc142fbdee6acec8d9acb630
build (products-feed)	Build and push	2026-02-03T17:03:35.7889938Z ##[endgroup]
build (products-feed)	Build and push	2026-02-03T17:03:35.7890330Z ##[group]Builder info
build (products-feed)	Build and push	2026-02-03T17:03:35.8914101Z {
build (products-feed)	Build and push	2026-02-03T17:03:35.8914485Z   "nodes": [
build (products-feed)	Build and push	2026-02-03T17:03:35.8914782Z     {
build (products-feed)	Build and push	2026-02-03T17:03:35.8915177Z       "name": "builder-574dabe4-e20c-459d-bd68-4dda92a5975f0",
build (products-feed)	Build and push	2026-02-03T17:03:35.8915776Z       "endpoint": "unix:///var/run/docker.sock",
build (products-feed)	Build and push	2026-02-03T17:03:35.8916102Z       "status": "running",
build (products-feed)	Build and push	2026-02-03T17:03:35.8916612Z       "buildkitd-flags": "--allow-insecure-entitlement security.insecure --allow-insecure-entitlement network.host",
build (products-feed)	Build and push	2026-02-03T17:03:35.8917157Z       "buildkit": "v0.27.1",
build (products-feed)	Build and push	2026-02-03T17:03:35.8917460Z       "platforms": "linux/amd64,linux/amd64/v2,linux/amd64/v3,linux/386",
build (products-feed)	Build and push	2026-02-03T17:03:35.8917800Z       "features": {
build (products-feed)	Build and push	2026-02-03T17:03:35.8918087Z         "Automatically load images to the Docker Engine image store": true,
build (products-feed)	Build and push	2026-02-03T17:03:35.8918431Z         "Cache export": true,
build (products-feed)	Build and push	2026-02-03T17:03:35.8918655Z         "Direct push": true,
build (products-feed)	Build and push	2026-02-03T17:03:35.8919112Z         "Docker exporter": true,
build (products-feed)	Build and push	2026-02-03T17:03:35.8919350Z         "Multi-platform build": true,
build (products-feed)	Build and push	2026-02-03T17:03:35.8919585Z         "OCI exporter": true
build (products-feed)	Build and push	2026-02-03T17:03:35.8919785Z       },
build (products-feed)	Build and push	2026-02-03T17:03:35.8919934Z       "labels": {
build (products-feed)	Build and push	2026-02-03T17:03:35.8920180Z         "org.mobyproject.buildkit.worker.executor": "oci",
build (products-feed)	Build and push	2026-02-03T17:03:35.8920868Z         "org.mobyproject.buildkit.worker.hostname": "f7e8384f7e3b",
build (products-feed)	Build and push	2026-02-03T17:03:35.8921262Z         "org.mobyproject.buildkit.worker.network": "host",
build (products-feed)	Build and push	2026-02-03T17:03:35.8921659Z         "org.mobyproject.buildkit.worker.oci.process-mode": "sandbox",
build (products-feed)	Build and push	2026-02-03T17:03:35.8922226Z         "org.mobyproject.buildkit.worker.selinux.enabled": "false",
build (products-feed)	Build and push	2026-02-03T17:03:35.8922647Z         "org.mobyproject.buildkit.worker.snapshotter": "overlayfs"
build (products-feed)	Build and push	2026-02-03T17:03:35.8922963Z       },
build (products-feed)	Build and push	2026-02-03T17:03:35.8923115Z       "gcPolicy": [
build (products-feed)	Build and push	2026-02-03T17:03:35.8923289Z         {
build (products-feed)	Build and push	2026-02-03T17:03:35.8923437Z           "all": false,
build (products-feed)	Build and push	2026-02-03T17:03:35.8923629Z           "filter": [
build (products-feed)	Build and push	2026-02-03T17:03:35.8923814Z             "type==source.local",
build (products-feed)	Build and push	2026-02-03T17:03:35.8924041Z             "type==exec.cachemount",
build (products-feed)	Build and push	2026-02-03T17:03:35.8924297Z             "type==source.git.checkout"
build (products-feed)	Build and push	2026-02-03T17:03:35.8924539Z           ],
build (products-feed)	Build and push	2026-02-03T17:03:35.8924709Z           "keepDuration": "48h0m0s"
build (products-feed)	Build and push	2026-02-03T17:03:35.8924926Z         },
build (products-feed)	Build and push	2026-02-03T17:03:35.8925069Z         {
build (products-feed)	Build and push	2026-02-03T17:03:35.8925225Z           "all": false,
build (products-feed)	Build and push	2026-02-03T17:03:35.8925422Z           "keepDuration": "1440h0m0s"
build (products-feed)	Build and push	2026-02-03T17:03:35.8925632Z         },
build (products-feed)	Build and push	2026-02-03T17:03:35.8925785Z         {
build (products-feed)	Build and push	2026-02-03T17:03:35.8925931Z           "all": false
build (products-feed)	Build and push	2026-02-03T17:03:35.8926105Z         },
build (products-feed)	Build and push	2026-02-03T17:03:35.8926245Z         {
build (products-feed)	Build and push	2026-02-03T17:03:35.8926390Z           "all": true
build (products-feed)	Build and push	2026-02-03T17:03:35.8926561Z         }
build (products-feed)	Build and push	2026-02-03T17:03:35.8926707Z       ]
build (products-feed)	Build and push	2026-02-03T17:03:35.8926848Z     }
build (products-feed)	Build and push	2026-02-03T17:03:35.8926995Z   ],
build (products-feed)	Build and push	2026-02-03T17:03:35.8927204Z   "name": "builder-574dabe4-e20c-459d-bd68-4dda92a5975f",
build (products-feed)	Build and push	2026-02-03T17:03:35.8927518Z   "driver": "docker-container",
build (products-feed)	Build and push	2026-02-03T17:03:35.8927756Z   "lastActivity": "2026-02-03T17:03:28.000Z"
build (products-feed)	Build and push	2026-02-03T17:03:35.8927980Z }
build (products-feed)	Build and push	2026-02-03T17:03:35.8928352Z ##[endgroup]
build (products-feed)	Build and push	2026-02-03T17:03:36.0756763Z [command]/usr/bin/docker buildx build --build-arg APP_NAME=saleor-app-products-feed --build-arg APP_DIR=products-feed --cache-from type=gha --cache-to type=gha,mode=max --file ./Dockerfile.app --iidfile /home/runner/work/_temp/docker-actions-toolkit-AS6i5X/build-iidfile-d54f803a46.txt --attest type=provenance,mode=max,builder-id=https://github.com/keepmeworking/bright-store-apps/actions/runs/21639680453 --tag ghcr.io/keepmeworking/bright-store-apps/products-feed:latest --tag ghcr.io/keepmeworking/bright-store-apps/products-feed:fba8deffdcac406789e6833dc6a409addd33f6ce --metadata-file /home/runner/work/_temp/docker-actions-toolkit-AS6i5X/build-metadata-c3182840eb.json --push .
build (products-feed)	Build and push	2026-02-03T17:03:36.3798994Z #0 building with "builder-574dabe4-e20c-459d-bd68-4dda92a5975f" instance using docker-container driver
build (products-feed)	Build and push	2026-02-03T17:03:36.3799608Z 
build (products-feed)	Build and push	2026-02-03T17:03:36.3799768Z #1 [internal] load build definition from Dockerfile.app
build (products-feed)	Build and push	2026-02-03T17:03:36.3800117Z #1 transferring dockerfile: 1.36kB done
build (products-feed)	Build and push	2026-02-03T17:03:36.3800383Z #1 DONE 0.0s
build (products-feed)	Build and push	2026-02-03T17:03:36.3800492Z 
build (products-feed)	Build and push	2026-02-03T17:03:36.3800660Z #2 [internal] load metadata for docker.io/library/node:22-alpine
build (products-feed)	Build and push	2026-02-03T17:03:36.5939767Z #2 ...
build (products-feed)	Build and push	2026-02-03T17:03:36.5940044Z 
build (products-feed)	Build and push	2026-02-03T17:03:36.5940363Z #3 [auth] library/node:pull token for registry-1.docker.io
build (products-feed)	Build and push	2026-02-03T17:03:36.5941039Z #3 DONE 0.0s
build (products-feed)	Build and push	2026-02-03T17:03:36.7444776Z 
build (products-feed)	Build and push	2026-02-03T17:03:36.7445272Z #2 [internal] load metadata for docker.io/library/node:22-alpine
build (products-feed)	Build and push	2026-02-03T17:03:37.2160833Z #2 DONE 1.0s
build (products-feed)	Build and push	2026-02-03T17:03:37.3863329Z 
build (products-feed)	Build and push	2026-02-03T17:03:37.3863965Z #4 [internal] load .dockerignore
build (products-feed)	Build and push	2026-02-03T17:03:37.3864485Z #4 transferring context: 167B done
build (products-feed)	Build and push	2026-02-03T17:03:37.3864896Z #4 DONE 0.0s
build (products-feed)	Build and push	2026-02-03T17:03:37.3865071Z 
build (products-feed)	Build and push	2026-02-03T17:03:37.3865227Z #5 [internal] load build context
build (products-feed)	Build and push	2026-02-03T17:03:37.3865615Z #5 DONE 0.0s
build (products-feed)	Build and push	2026-02-03T17:03:37.3865787Z 
build (products-feed)	Build and push	2026-02-03T17:03:37.3866454Z #6 [base 1/1] FROM docker.io/library/node:22-alpine@sha256:e4bf2a82ad0a4037d28035ae71529873c069b13eb0455466ae0bc13363826e34
build (products-feed)	Build and push	2026-02-03T17:03:37.3867783Z #6 resolve docker.io/library/node:22-alpine@sha256:e4bf2a82ad0a4037d28035ae71529873c069b13eb0455466ae0bc13363826e34 done
build (products-feed)	Build and push	2026-02-03T17:03:37.3869044Z #6 DONE 0.0s
build (products-feed)	Build and push	2026-02-03T17:03:37.3869169Z 
build (products-feed)	Build and push	2026-02-03T17:03:37.3869337Z #7 importing cache manifest from gha:16961521480620075042
build (products-feed)	Build and push	2026-02-03T17:03:37.4658235Z #7 DONE 0.2s
build (products-feed)	Build and push	2026-02-03T17:03:37.5821822Z 
build (products-feed)	Build and push	2026-02-03T17:03:37.5823858Z #6 [base 1/1] FROM docker.io/library/node:22-alpine@sha256:e4bf2a82ad0a4037d28035ae71529873c069b13eb0455466ae0bc13363826e34
build (products-feed)	Build and push	2026-02-03T17:03:37.6824354Z #6 sha256:fc1c5222d85fe45cd255019912158424888b168c8413fb42c8e166c37f1833eb 447B / 447B 0.1s done
build (products-feed)	Build and push	2026-02-03T17:03:37.6829532Z #6 sha256:2b752f7c71fd1a08980fdf09b7379d8304c8ef2569526934a2089ed26d771778 1.26MB / 1.26MB 0.2s done
build (products-feed)	Build and push	2026-02-03T17:03:37.6830875Z #6 sha256:8d513d1f314d3646adaf156be912f8de408c740e43d90cad5ce06b9de27e7bdf 0B / 51.60MB 0.2s
build (products-feed)	Build and push	2026-02-03T17:03:37.6836189Z #6 sha256:589002ba0eaed121a1dbf42f6648f29e5be55d5c8a6ee0f8eaa0285cc21ac153 0B / 3.86MB 0.2s
build (products-feed)	Build and push	2026-02-03T17:03:37.8961083Z #6 sha256:8d513d1f314d3646adaf156be912f8de408c740e43d90cad5ce06b9de27e7bdf 23.07MB / 51.60MB 0.3s
build (products-feed)	Build and push	2026-02-03T17:03:37.8963524Z #6 sha256:589002ba0eaed121a1dbf42f6648f29e5be55d5c8a6ee0f8eaa0285cc21ac153 3.86MB / 3.86MB 0.3s done
build (products-feed)	Build and push	2026-02-03T17:03:37.8964663Z #6 extracting sha256:589002ba0eaed121a1dbf42f6648f29e5be55d5c8a6ee0f8eaa0285cc21ac153
build (products-feed)	Build and push	2026-02-03T17:03:37.9939171Z #6 sha256:8d513d1f314d3646adaf156be912f8de408c740e43d90cad5ce06b9de27e7bdf 51.60MB / 51.60MB 0.4s done
build (products-feed)	Build and push	2026-02-03T17:03:38.1281791Z #6 extracting sha256:589002ba0eaed121a1dbf42f6648f29e5be55d5c8a6ee0f8eaa0285cc21ac153 0.2s done
build (products-feed)	Build and push	2026-02-03T17:03:38.1282952Z #6 extracting sha256:8d513d1f314d3646adaf156be912f8de408c740e43d90cad5ce06b9de27e7bdf
build (products-feed)	Build and push	2026-02-03T17:03:38.2871512Z #6 ...
build (products-feed)	Build and push	2026-02-03T17:03:38.2871780Z 
build (products-feed)	Build and push	2026-02-03T17:03:38.2871934Z #5 [internal] load build context
build (products-feed)	Build and push	2026-02-03T17:03:38.2872375Z #5 transferring context: 33.38MB 0.6s done
build (products-feed)	Build and push	2026-02-03T17:03:38.2872802Z #5 DONE 0.7s
build (products-feed)	Build and push	2026-02-03T17:03:38.4373223Z 
build (products-feed)	Build and push	2026-02-03T17:03:38.4374011Z #6 [base 1/1] FROM docker.io/library/node:22-alpine@sha256:e4bf2a82ad0a4037d28035ae71529873c069b13eb0455466ae0bc13363826e34
build (products-feed)	Build and push	2026-02-03T17:03:39.1421264Z #6 extracting sha256:8d513d1f314d3646adaf156be912f8de408c740e43d90cad5ce06b9de27e7bdf 1.1s done
build (products-feed)	Build and push	2026-02-03T17:03:39.1423446Z #6 extracting sha256:2b752f7c71fd1a08980fdf09b7379d8304c8ef2569526934a2089ed26d771778
build (products-feed)	Build and push	2026-02-03T17:03:39.3212812Z #6 extracting sha256:2b752f7c71fd1a08980fdf09b7379d8304c8ef2569526934a2089ed26d771778 0.0s done
build (products-feed)	Build and push	2026-02-03T17:03:39.3213594Z #6 extracting sha256:fc1c5222d85fe45cd255019912158424888b168c8413fb42c8e166c37f1833eb done
build (products-feed)	Build and push	2026-02-03T17:03:39.3214056Z #6 DONE 1.7s
build (products-feed)	Build and push	2026-02-03T17:03:39.3214170Z 
build (products-feed)	Build and push	2026-02-03T17:03:39.3214261Z #8 [builder 1/4] WORKDIR /app
build (products-feed)	Build and push	2026-02-03T17:03:39.4166511Z #8 DONE 0.2s
build (products-feed)	Build and push	2026-02-03T17:03:39.4166806Z 
build (products-feed)	Build and push	2026-02-03T17:03:39.4167032Z #9 [deps 1/5] RUN apk add --no-cache libc6-compat
build (products-feed)	Build and push	2026-02-03T17:03:39.5357131Z #9 ...
build (products-feed)	Build and push	2026-02-03T17:03:39.5358552Z 
build (products-feed)	Build and push	2026-02-03T17:03:39.5360109Z #10 [runner 2/6] RUN addgroup --system --gid 1001 nodejs
build (products-feed)	Build and push	2026-02-03T17:03:39.5360619Z #10 DONE 0.1s
build (products-feed)	Build and push	2026-02-03T17:03:39.5360832Z 
build (products-feed)	Build and push	2026-02-03T17:03:39.5361022Z #11 [runner 3/6] RUN adduser --system --uid 1001 nextjs
build (products-feed)	Build and push	2026-02-03T17:03:39.5361473Z #11 DONE 0.1s
build (products-feed)	Build and push	2026-02-03T17:03:39.6862321Z 
build (products-feed)	Build and push	2026-02-03T17:03:39.6862838Z #9 [deps 1/5] RUN apk add --no-cache libc6-compat
build (products-feed)	Build and push	2026-02-03T17:03:39.6958263Z #9 0.525 (1/3) Installing musl-obstack (1.2.3-r2)
build (products-feed)	Build and push	2026-02-03T17:03:39.8921984Z #9 0.529 (2/3) Installing libucontext (1.3.3-r0)
build (products-feed)	Build and push	2026-02-03T17:03:39.8922605Z #9 0.532 (3/3) Installing gcompat (1.1.0-r4)
build (products-feed)	Build and push	2026-02-03T17:03:39.8923083Z #9 0.537 OK: 11.0 MiB in 21 packages
build (products-feed)	Build and push	2026-02-03T17:03:39.8923465Z #9 DONE 0.6s
build (products-feed)	Build and push	2026-02-03T17:03:39.8923587Z 
build (products-feed)	Build and push	2026-02-03T17:03:39.8923697Z #12 [deps 2/5] WORKDIR /app
build (products-feed)	Build and push	2026-02-03T17:03:39.8923946Z #12 DONE 0.0s
build (products-feed)	Build and push	2026-02-03T17:03:39.8924071Z 
build (products-feed)	Build and push	2026-02-03T17:03:39.8924206Z #13 [deps 3/5] RUN npm install -g pnpm@10.2.1
build (products-feed)	Build and push	2026-02-03T17:03:41.0554837Z #13 1.314 
build (products-feed)	Build and push	2026-02-03T17:03:41.0555246Z #13 1.314 added 1 package in 1s
build (products-feed)	Build and push	2026-02-03T17:03:41.1586292Z #13 1.314 
build (products-feed)	Build and push	2026-02-03T17:03:41.1587497Z #13 1.314 1 package is looking for funding
build (products-feed)	Build and push	2026-02-03T17:03:41.1589037Z #13 1.314   run `npm fund` for details
build (products-feed)	Build and push	2026-02-03T17:03:41.1589456Z #13 1.316 npm notice
build (products-feed)	Build and push	2026-02-03T17:03:41.1589956Z #13 1.316 npm notice New major version of npm available! 10.9.4 -> 11.8.0
build (products-feed)	Build and push	2026-02-03T17:03:41.1591059Z #13 1.316 npm notice Changelog: https://github.com/npm/cli/releases/tag/v11.8.0
build (products-feed)	Build and push	2026-02-03T17:03:41.1591864Z #13 1.316 npm notice To update run: npm install -g npm@11.8.0
build (products-feed)	Build and push	2026-02-03T17:03:41.1592391Z #13 1.316 npm notice
build (products-feed)	Build and push	2026-02-03T17:03:41.1592720Z #13 DONE 1.4s
build (products-feed)	Build and push	2026-02-03T17:03:41.3097783Z 
build (products-feed)	Build and push	2026-02-03T17:03:41.3098370Z #14 [deps 4/5] COPY . .
build (products-feed)	Build and push	2026-02-03T17:03:41.4773532Z #14 DONE 0.3s
build (products-feed)	Build and push	2026-02-03T17:03:41.6289292Z 
build (products-feed)	Build and push	2026-02-03T17:03:41.6289861Z #15 [deps 5/5] RUN pnpm install
build (products-feed)	Build and push	2026-02-03T17:03:43.1850915Z #15 1.706 Scope: all 23 workspace projects
build (products-feed)	Build and push	2026-02-03T17:03:43.3870258Z #15 1.909 Lockfile is up to date, resolution step is skipped
build (products-feed)	Build and push	2026-02-03T17:03:43.5459311Z #15 2.068 Progress: resolved 1, reused 0, downloaded 0, added 0
build (products-feed)	Build and push	2026-02-03T17:03:43.7993560Z #15 2.321 Packages: +2126
build (products-feed)	Build and push	2026-02-03T17:03:43.7994516Z #15 2.321 ++++++++++++++++++++++++++++++++++++++++++++++++++++++++++++++++++++++++++++++++
build (products-feed)	Build and push	2026-02-03T17:03:44.1949766Z #15 2.716 
build (products-feed)	Build and push	2026-02-03T17:03:44.1950705Z #15 2.716    â­âââââââââââââââââââââââââââââââââââââââââââ®
build (products-feed)	Build and push	2026-02-03T17:03:44.1951371Z #15 2.716    â                                          â
build (products-feed)	Build and push	2026-02-03T17:03:44.1951992Z #15 2.716    â   Update available! 10.28.1 â 10.28.2.   â
build (products-feed)	Build and push	2026-02-03T17:03:44.1952644Z #15 2.716    â   Changelog: https://pnpm.io/v/10.28.2   â
build (products-feed)	Build and push	2026-02-03T17:03:44.1953326Z #15 2.716    â     To update, run: pnpm add -g pnpm     â
build (products-feed)	Build and push	2026-02-03T17:03:44.1954004Z #15 2.716    â                                          â
build (products-feed)	Build and push	2026-02-03T17:03:44.1954688Z #15 2.716    â°âââââââââââââââââââââââââââââââââââââââââââ¯
build (products-feed)	Build and push	2026-02-03T17:03:44.1955161Z #15 2.716 
build (products-feed)	Build and push	2026-02-03T17:03:44.5467740Z #15 3.069 Progress: resolved 2126, reused 0, downloaded 58, added 20
build (products-feed)	Build and push	2026-02-03T17:03:45.5471663Z #15 4.068 Progress: resolved 2126, reused 0, downloaded 186, added 91
build (products-feed)	Build and push	2026-02-03T17:03:46.5539484Z #15 5.076 Progress: resolved 2126, reused 0, downloaded 334, added 183
build (products-feed)	Build and push	2026-02-03T17:03:47.5542194Z #15 6.076 Progress: resolved 2126, reused 0, downloaded 435, added 241
build (products-feed)	Build and push	2026-02-03T17:03:48.5616712Z #15 7.081 Progress: resolved 2126, reused 0, downloaded 467, added 250
build (products-feed)	Build and push	2026-02-03T17:03:49.5613084Z #15 8.083 Progress: resolved 2126, reused 0, downloaded 568, added 302
build (products-feed)	Build and push	2026-02-03T17:03:50.5618307Z #15 9.083 Progress: resolved 2126, reused 0, downloaded 818, added 532
build (products-feed)	Build and push	2026-02-03T17:03:51.5631446Z #15 10.08 Progress: resolved 2126, reused 0, downloaded 947, added 634
build (products-feed)	Build and push	2026-02-03T17:03:52.5624480Z #15 11.08 Progress: resolved 2126, reused 0, downloaded 1133, added 744
build (products-feed)	Build and push	2026-02-03T17:03:53.5640064Z #15 12.08 Progress: resolved 2126, reused 0, downloaded 1353, added 1026
build (products-feed)	Build and push	2026-02-03T17:03:54.5660493Z #15 13.09 Progress: resolved 2126, reused 0, downloaded 1590, added 1260
build (products-feed)	Build and push	2026-02-03T17:03:55.5648162Z #15 14.09 Progress: resolved 2126, reused 0, downloaded 1856, added 1559
build (products-feed)	Build and push	2026-02-03T17:03:56.5422828Z #15 15.06 Progress: resolved 2126, reused 0, downloaded 2095, added 2126, done
build (products-feed)	Build and push	2026-02-03T17:03:57.4406944Z #15 15.96 .../node_modules/msw postinstall$ node -e "import('./config/scripts/postinstall.js').catch(() => void 0)"
build (products-feed)	Build and push	2026-02-03T17:03:57.5933138Z #15 15.96 .../node_modules/@sentry/cli install$ node ./scripts/install.js
build (products-feed)	Build and push	2026-02-03T17:03:57.5935362Z #15 15.97 .../sharp@0.33.5/node_modules/sharp install$ node install/check
build (products-feed)	Build and push	2026-02-03T17:03:57.5936130Z #15 15.97 .../node_modules/@sentry/cli postinstall$ node ./scripts/install.js
build (products-feed)	Build and push	2026-02-03T17:03:57.5936922Z #15 16.02 .../esbuild@0.25.2/node_modules/esbuild postinstall$ node install.js
build (products-feed)	Build and push	2026-02-03T17:03:57.5937553Z #15 16.04 .../node_modules/msw postinstall: Done
build (products-feed)	Build and push	2026-02-03T17:03:57.5938643Z #15 16.11 .../node_modules/@sentry/cli install: [sentry-cli] Downloading from https://downloads.sentry-cdn.com/sentry-cli/1.77.3/sentry-cli-Linux-x86_64
build (products-feed)	Build and push	2026-02-03T17:03:57.6977074Z #15 16.15 .../esbuild@0.25.2/node_modules/esbuild postinstall: Done
build (products-feed)	Build and push	2026-02-03T17:03:57.6980978Z #15 16.16 .../node_modules/@sentry/cli postinstall: Done
build (products-feed)	Build and push	2026-02-03T17:03:57.6981943Z #15 16.17 .../core-js@3.41.0/node_modules/core-js postinstall$ node -e "try{require('./postinstall')}catch(e){}"
build (products-feed)	Build and push	2026-02-03T17:03:57.6983171Z #15 16.19 .../sharp@0.33.5/node_modules/sharp install: Done
build (products-feed)	Build and push	2026-02-03T17:03:57.6983880Z #15 16.20 .../node_modules/@sentry/cli install: fetching sentry-cli-Linux-x86_64 1%
build (products-feed)	Build and push	2026-02-03T17:03:57.6984689Z #15 16.20 .../node_modules/highlight.js postinstall$ node deprecated.js
build (products-feed)	Build and push	2026-02-03T17:03:57.6985491Z #15 16.21 .../node_modules/@sentry/cli install: fetching sentry-cli-Linux-x86_64 2%
build (products-feed)	Build and push	2026-02-03T17:03:57.6986367Z #15 16.21 .../node_modules/@sentry/cli install: fetching sentry-cli-Linux-x86_64 3%
build (products-feed)	Build and push	2026-02-03T17:03:57.6987181Z #15 16.22 .../node_modules/protobufjs postinstall$ node scripts/postinstall
build (products-feed)	Build and push	2026-02-03T17:03:57.7994634Z #15 16.22 .../node_modules/@sentry/cli install: fetching sentry-cli-Linux-x86_64 4%
build (products-feed)	Build and push	2026-02-03T17:03:57.7995683Z #15 16.22 .../node_modules/@sentry/cli install: fetching sentry-cli-Linux-x86_64 5%
build (products-feed)	Build and push	2026-02-03T17:03:57.7996599Z #15 16.23 .../node_modules/@sentry/cli install: fetching sentry-cli-Linux-x86_64 6%
build (products-feed)	Build and push	2026-02-03T17:03:57.7997492Z #15 16.23 .../node_modules/@sentry/cli install: fetching sentry-cli-Linux-x86_64 7%
build (products-feed)	Build and push	2026-02-03T17:03:57.7998372Z #15 16.23 .../node_modules/@sentry/cli install: fetching sentry-cli-Linux-x86_64 8%
build (products-feed)	Build and push	2026-02-03T17:03:57.8000535Z #15 16.23 .../node_modules/@sentry/cli install: fetching sentry-cli-Linux-x86_64 9%
build (products-feed)	Build and push	2026-02-03T17:03:57.8001406Z #15 16.23 .../node_modules/@sentry/cli install: fetching sentry-cli-Linux-x86_64 10%
build (products-feed)	Build and push	2026-02-03T17:03:57.8002274Z #15 16.24 .../node_modules/@sentry/cli install: fetching sentry-cli-Linux-x86_64 11%
build (products-feed)	Build and push	2026-02-03T17:03:57.8003690Z #15 16.24 .../core-js@3.41.0/node_modules/core-js postinstall: Thank you for using core-js ( https://github.com/zloirock/core-js ) for polyfilling JavaScript standard library!
build (products-feed)	Build and push	2026-02-03T17:03:57.8005373Z #15 16.25 .../core-js@3.41.0/node_modules/core-js postinstall: The project needs your help! Please consider supporting core-js:
build (products-feed)	Build and push	2026-02-03T17:03:57.8006623Z #15 16.25 .../core-js@3.41.0/node_modules/core-js postinstall: > https://opencollective.com/core-js 
build (products-feed)	Build and push	2026-02-03T17:03:57.8007639Z #15 16.25 .../core-js@3.41.0/node_modules/core-js postinstall: > https://patreon.com/zloirock 
build (products-feed)	Build and push	2026-02-03T17:03:57.8008639Z #15 16.25 .../core-js@3.41.0/node_modules/core-js postinstall: > https://boosty.to/zloirock 
build (products-feed)	Build and push	2026-02-03T17:03:57.8009968Z #15 16.25 .../core-js@3.41.0/node_modules/core-js postinstall: > bitcoin: bc1qlea7544qtsmj2rayg0lthvza9fau63ux0fstcz 
build (products-feed)	Build and push	2026-02-03T17:03:57.8011624Z #15 16.25 .../core-js@3.41.0/node_modules/core-js postinstall: I highly recommend reading this: https://github.com/zloirock/core-js/blob/master/docs/2023-02-14-so-whats-next.md 
build (products-feed)	Build and push	2026-02-03T17:03:57.8012934Z #15 16.25 .../node_modules/@sentry/cli install: fetching sentry-cli-Linux-x86_64 12%
build (products-feed)	Build and push	2026-02-03T17:03:57.8013791Z #15 16.25 .../node_modules/@sentry/cli install: fetching sentry-cli-Linux-x86_64 13%
build (products-feed)	Build and push	2026-02-03T17:03:57.8014633Z #15 16.25 .../node_modules/@sentry/cli install: fetching sentry-cli-Linux-x86_64 14%
build (products-feed)	Build and push	2026-02-03T17:03:57.8015461Z #15 16.25 .../node_modules/@sentry/cli install: fetching sentry-cli-Linux-x86_64 15%
build (products-feed)	Build and push	2026-02-03T17:03:57.8016229Z #15 16.25 .../core-js@3.41.0/node_modules/core-js postinstall: Done
build (products-feed)	Build and push	2026-02-03T17:03:57.8016958Z #15 16.26 .../node_modules/@sentry/cli install: fetching sentry-cli-Linux-x86_64 16%
build (products-feed)	Build and push	2026-02-03T17:03:57.8017798Z #15 16.26 .../node_modules/@sentry/cli install: fetching sentry-cli-Linux-x86_64 17%
build (products-feed)	Build and push	2026-02-03T17:03:57.8019402Z #15 16.26 .../node_modules/highlight.js postinstall: [41m[37m-*-*-*-*-*-*-*-*-*-*-*-*-*-*-*-*-*-*-*-*-*-*-*-*-*-*-*-*-*-*-*-*-*-*[0m
build (products-feed)	Build and push	2026-02-03T17:03:57.8020497Z #15 16.26 .../node_modules/highlight.js postinstall: [1m[37m
build (products-feed)	Build and push	2026-02-03T17:03:57.8021408Z #15 16.26 .../node_modules/highlight.js postinstall:   Verion 9 of Highlight.js has reached EOL.  It will no longer
build (products-feed)	Build and push	2026-02-03T17:03:57.8022943Z #15 16.26 .../node_modules/highlight.js postinstall:   be supported or receive security updates in the future.
build (products-feed)	Build and push	2026-02-03T17:03:57.8024108Z #15 16.26 .../node_modules/highlight.js postinstall:   Please upgrade to version 10 or encourage your indirect
build (products-feed)	Build and push	2026-02-03T17:03:57.8025300Z #15 16.26 .../node_modules/highlight.js postinstall:   dependencies to do so.
build (products-feed)	Build and push	2026-02-03T17:03:57.8026030Z #15 16.26 .../node_modules/highlight.js postinstall:   For more info:
build (products-feed)	Build and push	2026-02-03T17:03:57.8026777Z #15 16.26 .../node_modules/highlight.js postinstall:   [34m
build (products-feed)	Build and push	2026-02-03T17:03:57.8027651Z #15 16.26 .../node_modules/highlight.js postinstall:   https://github.com/highlightjs/highlight.js/issues/2877
build (products-feed)	Build and push	2026-02-03T17:03:57.8029067Z #15 16.26 .../node_modules/highlight.js postinstall:   https://github.com/highlightjs/highlight.js/blob/master/VERSION_10_UPGRADE.md
build (products-feed)	Build and push	2026-02-03T17:03:57.8030078Z #15 16.27 .../node_modules/highlight.js postinstall:  [41m[37m
build (products-feed)	Build and push	2026-02-03T17:03:57.8030899Z #15 16.27 .../node_modules/highlight.js postinstall: -*-*-*-*-*-*-*-*-*-*-*-*-*-*-*-*-*-*-*-*-*-*-*-*-*-*-*-*-*-*-*-*-*-*[0m
build (products-feed)	Build and push	2026-02-03T17:03:57.8031942Z #15 16.27 .../node_modules/@sentry/cli install: fetching sentry-cli-Linux-x86_64 18%
build (products-feed)	Build and push	2026-02-03T17:03:57.8032787Z #15 16.27 .../node_modules/@sentry/cli install: fetching sentry-cli-Linux-x86_64 19%
build (products-feed)	Build and push	2026-02-03T17:03:57.8033650Z #15 16.27 .../node_modules/@sentry/cli install: fetching sentry-cli-Linux-x86_64 20%
build (products-feed)	Build and push	2026-02-03T17:03:57.8034371Z #15 16.27 .../node_modules/highlight.js postinstall: Done
build (products-feed)	Build and push	2026-02-03T17:03:57.8035032Z #15 16.27 .../node_modules/@sentry/cli install: fetching sentry-cli-Linux-x86_64 21%
build (products-feed)	Build and push	2026-02-03T17:03:57.8035849Z #15 16.28 .../node_modules/@sentry/cli install: fetching sentry-cli-Linux-x86_64 22%
build (products-feed)	Build and push	2026-02-03T17:03:57.8036736Z #15 16.28 .../node_modules/@sentry/cli install: fetching sentry-cli-Linux-x86_64 23%
build (products-feed)	Build and push	2026-02-03T17:03:57.8037614Z #15 16.28 .../node_modules/@sentry/cli install: fetching sentry-cli-Linux-x86_64 24%
build (products-feed)	Build and push	2026-02-03T17:03:57.8038468Z #15 16.29 .../node_modules/@sentry/cli install: fetching sentry-cli-Linux-x86_64 25%
build (products-feed)	Build and push	2026-02-03T17:03:57.8039583Z #15 16.29 .../node_modules/@sentry/cli install: fetching sentry-cli-Linux-x86_64 26%
build (products-feed)	Build and push	2026-02-03T17:03:57.8040267Z #15 16.29 .../node_modules/protobufjs postinstall: Done
build (products-feed)	Build and push	2026-02-03T17:03:57.8040937Z #15 16.30 .../node_modules/@sentry/cli install: fetching sentry-cli-Linux-x86_64 27%
build (products-feed)	Build and push	2026-02-03T17:03:57.8041697Z #15 16.30 .../node_modules/@sentry/cli install: fetching sentry-cli-Linux-x86_64 28%
build (products-feed)	Build and push	2026-02-03T17:03:57.8042534Z #15 16.30 .../node_modules/@sentry/cli install: fetching sentry-cli-Linux-x86_64 29%
build (products-feed)	Build and push	2026-02-03T17:03:57.8043367Z #15 16.30 .../node_modules/@sentry/cli install: fetching sentry-cli-Linux-x86_64 30%
build (products-feed)	Build and push	2026-02-03T17:03:57.8044224Z #15 16.31 .../node_modules/@sentry/cli install: fetching sentry-cli-Linux-x86_64 31%
build (products-feed)	Build and push	2026-02-03T17:03:57.8045082Z #15 16.31 .../node_modules/@sentry/cli install: fetching sentry-cli-Linux-x86_64 32%
build (products-feed)	Build and push	2026-02-03T17:03:57.8045980Z #15 16.32 .../node_modules/@sentry/cli install: fetching sentry-cli-Linux-x86_64 33%
build (products-feed)	Build and push	2026-02-03T17:03:57.8069949Z #15 16.32 .../node_modules/@sentry/cli install: fetching sentry-cli-Linux-x86_64 34%
build (products-feed)	Build and push	2026-02-03T17:03:57.8070752Z #15 16.32 .../node_modules/@sentry/cli install: fetching sentry-cli-Linux-x86_64 35%
build (products-feed)	Build and push	2026-02-03T17:03:57.9004242Z #15 16.33 .../node_modules/@sentry/cli install: fetching sentry-cli-Linux-x86_64 36%
build (products-feed)	Build and push	2026-02-03T17:03:57.9005818Z #15 16.33 .../node_modules/@sentry/cli install: fetching sentry-cli-Linux-x86_64 37%
build (products-feed)	Build and push	2026-02-03T17:03:57.9007743Z #15 16.34 .../node_modules/@sentry/cli install: fetching sentry-cli-Linux-x86_64 38%
build (products-feed)	Build and push	2026-02-03T17:03:57.9008647Z #15 16.34 .../node_modules/@sentry/cli install: fetching sentry-cli-Linux-x86_64 39%
build (products-feed)	Build and push	2026-02-03T17:03:57.9009795Z #15 16.34 .../node_modules/@sentry/cli install: fetching sentry-cli-Linux-x86_64 40%
build (products-feed)	Build and push	2026-02-03T17:03:57.9010666Z #15 16.35 .../node_modules/@sentry/cli install: fetching sentry-cli-Linux-x86_64 41%
build (products-feed)	Build and push	2026-02-03T17:03:57.9011537Z #15 16.35 .../node_modules/@sentry/cli install: fetching sentry-cli-Linux-x86_64 42%
build (products-feed)	Build and push	2026-02-03T17:03:57.9012811Z #15 16.36 .../node_modules/@sentry/cli install: fetching sentry-cli-Linux-x86_64 43%
build (products-feed)	Build and push	2026-02-03T17:03:57.9013706Z #15 16.36 .../node_modules/@sentry/cli install: fetching sentry-cli-Linux-x86_64 44%
build (products-feed)	Build and push	2026-02-03T17:03:57.9015025Z #15 16.36 .../node_modules/@sentry/cli install: fetching sentry-cli-Linux-x86_64 45%
build (products-feed)	Build and push	2026-02-03T17:03:57.9015982Z #15 16.36 .../node_modules/@sentry/cli install: fetching sentry-cli-Linux-x86_64 46%
build (products-feed)	Build and push	2026-02-03T17:03:57.9016874Z #15 16.37 .../node_modules/@sentry/cli install: fetching sentry-cli-Linux-x86_64 47%
build (products-feed)	Build and push	2026-02-03T17:03:57.9017750Z #15 16.37 .../node_modules/@sentry/cli install: fetching sentry-cli-Linux-x86_64 48%
build (products-feed)	Build and push	2026-02-03T17:03:57.9018604Z #15 16.37 .../node_modules/@sentry/cli install: fetching sentry-cli-Linux-x86_64 49%
build (products-feed)	Build and push	2026-02-03T17:03:57.9019651Z #15 16.38 .../node_modules/@sentry/cli install: fetching sentry-cli-Linux-x86_64 50%
build (products-feed)	Build and push	2026-02-03T17:03:57.9020521Z #15 16.38 .../node_modules/@sentry/cli install: fetching sentry-cli-Linux-x86_64 51%
build (products-feed)	Build and push	2026-02-03T17:03:57.9021420Z #15 16.38 .../node_modules/@sentry/cli install: fetching sentry-cli-Linux-x86_64 52%
build (products-feed)	Build and push	2026-02-03T17:03:57.9022281Z #15 16.38 .../node_modules/@sentry/cli install: fetching sentry-cli-Linux-x86_64 53%
build (products-feed)	Build and push	2026-02-03T17:03:57.9023165Z #15 16.38 .../node_modules/@sentry/cli install: fetching sentry-cli-Linux-x86_64 54%
build (products-feed)	Build and push	2026-02-03T17:03:57.9024037Z #15 16.39 .../node_modules/@sentry/cli install: fetching sentry-cli-Linux-x86_64 55%
build (products-feed)	Build and push	2026-02-03T17:03:57.9024900Z #15 16.39 .../node_modules/@sentry/cli install: fetching sentry-cli-Linux-x86_64 56%
build (products-feed)	Build and push	2026-02-03T17:03:57.9025748Z #15 16.39 .../node_modules/@sentry/cli install: fetching sentry-cli-Linux-x86_64 57%
build (products-feed)	Build and push	2026-02-03T17:03:57.9026640Z #15 16.40 .../node_modules/@sentry/cli install: fetching sentry-cli-Linux-x86_64 58%
build (products-feed)	Build and push	2026-02-03T17:03:57.9027513Z #15 16.40 .../node_modules/@sentry/cli install: fetching sentry-cli-Linux-x86_64 59%
build (products-feed)	Build and push	2026-02-03T17:03:57.9028384Z #15 16.40 .../node_modules/@sentry/cli install: fetching sentry-cli-Linux-x86_64 60%
build (products-feed)	Build and push	2026-02-03T17:03:57.9029582Z #15 16.40 .../node_modules/@sentry/cli install: fetching sentry-cli-Linux-x86_64 61%
build (products-feed)	Build and push	2026-02-03T17:03:57.9030476Z #15 16.41 .../node_modules/@sentry/cli install: fetching sentry-cli-Linux-x86_64 62%
build (products-feed)	Build and push	2026-02-03T17:03:57.9031383Z #15 16.41 .../node_modules/@sentry/cli install: fetching sentry-cli-Linux-x86_64 63%
build (products-feed)	Build and push	2026-02-03T17:03:57.9032251Z #15 16.41 .../node_modules/@sentry/cli install: fetching sentry-cli-Linux-x86_64 64%
build (products-feed)	Build and push	2026-02-03T17:03:57.9033104Z #15 16.41 .../node_modules/@sentry/cli install: fetching sentry-cli-Linux-x86_64 65%
build (products-feed)	Build and push	2026-02-03T17:03:57.9033970Z #15 16.42 .../node_modules/@sentry/cli install: fetching sentry-cli-Linux-x86_64 66%
build (products-feed)	Build and push	2026-02-03T17:03:57.9034823Z #15 16.42 .../node_modules/@sentry/cli install: fetching sentry-cli-Linux-x86_64 67%
build (products-feed)	Build and push	2026-02-03T17:03:58.0025572Z #15 16.43 .../node_modules/@sentry/cli install: fetching sentry-cli-Linux-x86_64 68%
build (products-feed)	Build and push	2026-02-03T17:03:58.0026576Z #15 16.43 .../node_modules/@sentry/cli install: fetching sentry-cli-Linux-x86_64 69%
build (products-feed)	Build and push	2026-02-03T17:03:58.0027467Z #15 16.43 .../node_modules/@sentry/cli install: fetching sentry-cli-Linux-x86_64 70%
build (products-feed)	Build and push	2026-02-03T17:03:58.0028330Z #15 16.43 .../node_modules/@sentry/cli install: fetching sentry-cli-Linux-x86_64 71%
build (products-feed)	Build and push	2026-02-03T17:03:58.0029387Z #15 16.44 .../node_modules/@sentry/cli install: fetching sentry-cli-Linux-x86_64 72%
build (products-feed)	Build and push	2026-02-03T17:03:58.0030197Z #15 16.44 .../node_modules/@sentry/cli install: fetching sentry-cli-Linux-x86_64 73%
build (products-feed)	Build and push	2026-02-03T17:03:58.0031081Z #15 16.44 .../node_modules/@sentry/cli install: fetching sentry-cli-Linux-x86_64 74%
build (products-feed)	Build and push	2026-02-03T17:03:58.0031963Z #15 16.45 .../node_modules/@sentry/cli install: fetching sentry-cli-Linux-x86_64 75%
build (products-feed)	Build and push	2026-02-03T17:03:58.0032820Z #15 16.46 .../node_modules/@sentry/cli install: fetching sentry-cli-Linux-x86_64 76%
build (products-feed)	Build and push	2026-02-03T17:03:58.0033691Z #15 16.46 .../node_modules/@sentry/cli install: fetching sentry-cli-Linux-x86_64 77%
build (products-feed)	Build and push	2026-02-03T17:03:58.0034563Z #15 16.47 .../node_modules/@sentry/cli install: fetching sentry-cli-Linux-x86_64 78%
build (products-feed)	Build and push	2026-02-03T17:03:58.0035729Z #15 16.47 .../node_modules/@sentry/cli install: fetching sentry-cli-Linux-x86_64 79%
build (products-feed)	Build and push	2026-02-03T17:03:58.0036577Z #15 16.47 .../node_modules/@sentry/cli install: fetching sentry-cli-Linux-x86_64 80%
build (products-feed)	Build and push	2026-02-03T17:03:58.0037626Z #15 16.47 .../node_modules/@sentry/cli install: fetching sentry-cli-Linux-x86_64 81%
build (products-feed)	Build and push	2026-02-03T17:03:58.0038468Z #15 16.48 .../node_modules/@sentry/cli install: fetching sentry-cli-Linux-x86_64 82%
build (products-feed)	Build and push	2026-02-03T17:03:58.0039264Z #15 16.48 .../node_modules/@sentry/cli install: fetching sentry-cli-Linux-x86_64 83%
build (products-feed)	Build and push	2026-02-03T17:03:58.0040050Z #15 16.48 .../node_modules/@sentry/cli install: fetching sentry-cli-Linux-x86_64 84%
build (products-feed)	Build and push	2026-02-03T17:03:58.0041032Z #15 16.48 .../node_modules/@sentry/cli install: fetching sentry-cli-Linux-x86_64 85%
build (products-feed)	Build and push	2026-02-03T17:03:58.0041569Z #15 16.49 .../node_modules/@sentry/cli install: fetching sentry-cli-Linux-x86_64 86%
build (products-feed)	Build and push	2026-02-03T17:03:58.0042049Z #15 16.49 .../node_modules/@sentry/cli install: fetching sentry-cli-Linux-x86_64 87%
build (products-feed)	Build and push	2026-02-03T17:03:58.0042522Z #15 16.50 .../node_modules/@sentry/cli install: fetching sentry-cli-Linux-x86_64 88%
build (products-feed)	Build and push	2026-02-03T17:03:58.0042987Z #15 16.50 .../node_modules/@sentry/cli install: fetching sentry-cli-Linux-x86_64 89%
build (products-feed)	Build and push	2026-02-03T17:03:58.0043456Z #15 16.50 .../node_modules/@sentry/cli install: fetching sentry-cli-Linux-x86_64 90%
build (products-feed)	Build and push	2026-02-03T17:03:58.0043922Z #15 16.51 .../node_modules/@sentry/cli install: fetching sentry-cli-Linux-x86_64 91%
build (products-feed)	Build and push	2026-02-03T17:03:58.0044380Z #15 16.51 .../node_modules/@sentry/cli install: fetching sentry-cli-Linux-x86_64 92%
build (products-feed)	Build and push	2026-02-03T17:03:58.0044836Z #15 16.52 .../node_modules/@sentry/cli install: fetching sentry-cli-Linux-x86_64 93%
build (products-feed)	Build and push	2026-02-03T17:03:58.0045308Z #15 16.52 .../node_modules/@sentry/cli install: fetching sentry-cli-Linux-x86_64 94%
build (products-feed)	Build and push	2026-02-03T17:03:58.0045781Z #15 16.52 .../node_modules/@sentry/cli install: fetching sentry-cli-Linux-x86_64 95%
build (products-feed)	Build and push	2026-02-03T17:03:58.0046246Z #15 16.52 .../node_modules/@sentry/cli install: fetching sentry-cli-Linux-x86_64 96%
build (products-feed)	Build and push	2026-02-03T17:03:58.2452817Z #15 16.53 .../node_modules/@sentry/cli install: fetching sentry-cli-Linux-x86_64 97%
build (products-feed)	Build and push	2026-02-03T17:03:58.2453813Z #15 16.53 .../node_modules/@sentry/cli install: fetching sentry-cli-Linux-x86_64 98%
build (products-feed)	Build and push	2026-02-03T17:03:58.2454703Z #15 16.54 .../node_modules/@sentry/cli install: fetching sentry-cli-Linux-x86_64 99%
build (products-feed)	Build and push	2026-02-03T17:03:58.2455589Z #15 16.54 .../node_modules/@sentry/cli install: fetching sentry-cli-Linux-x86_64 100%
build (products-feed)	Build and push	2026-02-03T17:03:58.2456512Z #15 16.57 .../node_modules/@sentry/cli install: [sentry-cli] Checksum validation passed.
build (products-feed)	Build and push	2026-02-03T17:03:58.2457269Z #15 16.62 .../node_modules/@sentry/cli install: Done
build (products-feed)	Build and push	2026-02-03T17:03:58.7969049Z #15 17.32 
build (products-feed)	Build and push	2026-02-03T17:03:58.7969407Z #15 17.32 devDependencies:
build (products-feed)	Build and push	2026-02-03T17:03:58.7969675Z #15 17.32 + @changesets/cli 2.26.2
build (products-feed)	Build and push	2026-02-03T17:03:58.7970080Z #15 17.32 + @cspell/cspell-types 8.17.5
build (products-feed)	Build and push	2026-02-03T17:03:58.7970373Z #15 17.32 + @saleor/app-sdk 1.6.0
build (products-feed)	Build and push	2026-02-03T17:03:58.7970619Z #15 17.32 + cspell 8.17.5
build (products-feed)	Build and push	2026-02-03T17:03:58.7971002Z #15 17.32 + husky 9.1.4
build (products-feed)	Build and push	2026-02-03T17:03:58.7971329Z #15 17.32 + knip 5.46.2
build (products-feed)	Build and push	2026-02-03T17:03:58.7971653Z #15 17.32 + lint-staged 15.5.0
build (products-feed)	Build and push	2026-02-03T17:03:58.7972039Z #15 17.32 + prettier 3.0.3
build (products-feed)	Build and push	2026-02-03T17:03:58.7972294Z #15 17.32 + sherif 1.4.0
build (products-feed)	Build and push	2026-02-03T17:03:58.7972534Z #15 17.32 + sort-package-json 3.0.0
build (products-feed)	Build and push	2026-02-03T17:03:58.7972776Z #15 17.32 + turbo 2.4.4
build (products-feed)	Build and push	2026-02-03T17:03:58.7972975Z #15 17.32 
build (products-feed)	Build and push	2026-02-03T17:03:59.0049016Z #15 17.33 . prepare$ husky
build (products-feed)	Build and push	2026-02-03T17:03:59.0049468Z #15 17.38 . prepare: .git can't be found
build (products-feed)	Build and push	2026-02-03T17:03:59.0049743Z #15 17.38 . prepare: Done
build (products-feed)	Build and push	2026-02-03T17:03:59.0855846Z #15 17.61 Done in 16.3s using pnpm v10.28.1
build (products-feed)	Build and push	2026-02-03T17:04:01.1413899Z #15 DONE 19.7s
build (products-feed)	Build and push	2026-02-03T17:04:10.2887629Z 
build (products-feed)	Build and push	2026-02-03T17:04:10.2888337Z #16 [builder 2/4] COPY --from=deps /app/ .
build (products-feed)	Build and push	2026-02-03T17:04:26.4154310Z #16 DONE 16.1s
build (products-feed)	Build and push	2026-02-03T17:04:26.5664835Z 
build (products-feed)	Build and push	2026-02-03T17:04:26.5665450Z #17 [builder 3/4] RUN npm install -g pnpm@10.2.1
build (products-feed)	Build and push	2026-02-03T17:04:28.6437651Z #17 2.227 
build (products-feed)	Build and push	2026-02-03T17:04:28.6438621Z #17 2.227 added 1 package in 1s
build (products-feed)	Build and push	2026-02-03T17:04:28.7956440Z #17 2.227 
build (products-feed)	Build and push	2026-02-03T17:04:28.7956896Z #17 2.228 1 package is looking for funding
build (products-feed)	Build and push	2026-02-03T17:04:28.7957393Z #17 2.228   run `npm fund` for details
build (products-feed)	Build and push	2026-02-03T17:04:28.7958207Z #17 2.229 npm notice
build (products-feed)	Build and push	2026-02-03T17:04:28.7958863Z #17 2.229 npm notice New major version of npm available! 10.9.4 -> 11.8.0
build (products-feed)	Build and push	2026-02-03T17:04:28.7959726Z #17 2.229 npm notice Changelog: https://github.com/npm/cli/releases/tag/v11.8.0
build (products-feed)	Build and push	2026-02-03T17:04:28.7960495Z #17 2.229 npm notice To update run: npm install -g npm@11.8.0
build (products-feed)	Build and push	2026-02-03T17:04:28.7961011Z #17 2.229 npm notice
build (products-feed)	Build and push	2026-02-03T17:04:29.3410089Z #17 DONE 2.9s
build (products-feed)	Build and push	2026-02-03T17:04:29.4919794Z 
build (products-feed)	Build and push	2026-02-03T17:04:29.4922359Z #18 [builder 4/4] RUN pnpm --filter saleor-app-products-feed build
build (products-feed)	Build and push	2026-02-03T17:04:31.2736621Z #18 1.934 
build (products-feed)	Build and push	2026-02-03T17:04:31.2737562Z #18 1.934 > saleor-app-products-feed@2.1.11 build /app/apps/products-feed
build (products-feed)	Build and push	2026-02-03T17:04:31.2738379Z #18 1.934 > next build
build (products-feed)	Build and push	2026-02-03T17:04:31.2738985Z #18 1.934 
build (products-feed)	Build and push	2026-02-03T17:04:32.3803067Z #18 3.040    â² Next.js 15.2.8
build (products-feed)	Build and push	2026-02-03T17:04:32.5334102Z #18 3.041    - Experiments (use with caution):
build (products-feed)	Build and push	2026-02-03T17:04:32.5335423Z #18 3.041      Â· clientTraceMetadata
build (products-feed)	Build and push	2026-02-03T17:04:32.5336279Z #18 3.041 
build (products-feed)	Build and push	2026-02-03T17:04:32.5340988Z #18 3.043    Linting and checking validity of types ...
build (products-feed)	Build and push	2026-02-03T17:04:36.5245648Z #18 7.184 
build (products-feed)	Build and push	2026-02-03T17:04:36.5247304Z #18 7.184  â  The Next.js plugin was not detected in your ESLint configuration. See https://nextjs.org/docs/app/api-reference/config/eslint#migrating-existing-config
build (products-feed)	Build and push	2026-02-03T17:04:49.1537393Z #18 19.81 
build (products-feed)	Build and push	2026-02-03T17:04:49.1537800Z #18 19.81 ./src/logger.ts
build (products-feed)	Build and push	2026-02-03T17:04:49.1538512Z #18 19.81 17:7  Warning: A `require()` style import is forbidden.  @typescript-eslint/no-require-imports
build (products-feed)	Build and push	2026-02-03T17:04:49.1539736Z #18 19.81 25:7  Warning: A `require()` style import is forbidden.  @typescript-eslint/no-require-imports
build (products-feed)	Build and push	2026-02-03T17:04:49.1540437Z #18 19.81 
build (products-feed)	Build and push	2026-02-03T17:04:49.1540833Z #18 19.81 ./src/modules/app-configuration/app-config.test.ts
build (products-feed)	Build and push	2026-02-03T17:04:49.1542286Z #18 19.81 77:7  Warning: Include a description after the "@ts-expect-error" directive to explain why the @ts-expect-error is necessary. The description must be 3 characters or longer.  @typescript-eslint/ban-ts-comment
build (products-feed)	Build and push	2026-02-03T17:04:49.1544593Z #18 19.81 79:7  Warning: Include a description after the "@ts-expect-error" directive to explain why the @ts-expect-error is necessary. The description must be 3 characters or longer.  @typescript-eslint/ban-ts-comment
build (products-feed)	Build and push	2026-02-03T17:04:49.1546255Z #18 19.81 82:69  Warning: Unexpected any. Specify a different type.  @typescript-eslint/no-explicit-any
build (products-feed)	Build and push	2026-02-03T17:04:49.1547923Z #18 19.81 104:13  Warning: Include a description after the "@ts-expect-error" directive to explain why the @ts-expect-error is necessary. The description must be 3 characters or longer.  @typescript-eslint/ban-ts-comment
build (products-feed)	Build and push	2026-02-03T17:04:49.1550367Z #18 19.81 297:7  Warning: Include a description after the "@ts-expect-error" directive to explain why the @ts-expect-error is necessary. The description must be 3 characters or longer.  @typescript-eslint/ban-ts-comment
build (products-feed)	Build and push	2026-02-03T17:04:49.1552699Z #18 19.81 314:7  Warning: Include a description after the "@ts-expect-error" directive to explain why the @ts-expect-error is necessary. The description must be 3 characters or longer.  @typescript-eslint/ban-ts-comment
build (products-feed)	Build and push	2026-02-03T17:04:49.1554055Z #18 19.81 
build (products-feed)	Build and push	2026-02-03T17:04:49.1554405Z #18 19.81 ./src/modules/app-configuration/app-config.ts
build (products-feed)	Build and push	2026-02-03T17:04:49.1555396Z #18 19.81 150:14  Warning: 'e' is defined but never used. Allowed unused caught errors must match /^_/u.  @typescript-eslint/no-unused-vars
build (products-feed)	Build and push	2026-02-03T17:04:49.1556307Z #18 19.81 
build (products-feed)	Build and push	2026-02-03T17:04:49.1556732Z #18 19.81 ./src/modules/app-configuration/channels/channels-fetcher.ts
build (products-feed)	Build and push	2026-02-03T17:04:49.1557818Z #18 19.81 5:1  Warning: Expected an assignment or function call and instead saw an expression.  @typescript-eslint/no-unused-expressions
build (products-feed)	Build and push	2026-02-03T17:04:49.1559259Z #18 19.81 
build (products-feed)	Build and push	2026-02-03T17:04:49.1559695Z #18 19.81 ./src/modules/category-mapping/ui/category-mapping-form.tsx
build (products-feed)	Build and push	2026-02-03T17:04:49.1560741Z #18 19.81 49:37  Warning: 'event' is defined but never used. Allowed unused args must match /^_/u.  @typescript-eslint/no-unused-vars
build (products-feed)	Build and push	2026-02-03T17:04:49.1561802Z #18 19.81 
build (products-feed)	Build and push	2026-02-03T17:04:49.1562186Z #18 19.81 ./src/modules/feed-url/use-get-feed-api-url.test.tsx
build (products-feed)	Build and push	2026-02-03T17:04:49.1563100Z #18 19.81 11:56  Warning: The `{}` ("empty object") type allows any non-nullish value, including literals like `0` and `""`.
build (products-feed)	Build and push	2026-02-03T17:04:49.1564404Z #18 19.81 - If that's what you want, disable this lint rule with an inline comment or configure the 'allowObjectTypes' rule option.
build (products-feed)	Build and push	2026-02-03T17:04:49.1565485Z #18 19.81 - If you want a type meaning "any object", you probably want `object` instead.
build (products-feed)	Build and push	2026-02-03T17:04:49.1566550Z #18 19.81 - If you want a type meaning "any value", you probably want `unknown` instead.  @typescript-eslint/no-empty-object-type
build (products-feed)	Build and push	2026-02-03T17:04:49.1567407Z #18 19.81 
build (products-feed)	Build and push	2026-02-03T17:04:49.1567773Z #18 19.81 ./src/modules/trpc/protected-client-procedure.ts
build (products-feed)	Build and push	2026-02-03T17:04:49.1568962Z #18 19.81 90:12  Warning: 'e' is defined but never used. Allowed unused caught errors must match /^_/u.  @typescript-eslint/no-unused-vars
build (products-feed)	Build and push	2026-02-03T17:04:49.1569861Z #18 19.81 
build (products-feed)	Build and push	2026-02-03T17:04:49.1570162Z #18 19.81 ./src/modules/trpc/trpc-client.ts
build (products-feed)	Build and push	2026-02-03T17:04:49.1571035Z #18 19.81 18:12  Warning: 'ctx' is defined but never used. Allowed unused args must match /^_/u.  @typescript-eslint/no-unused-vars
build (products-feed)	Build and push	2026-02-03T17:04:49.1571912Z #18 19.81 
build (products-feed)	Build and push	2026-02-03T17:04:49.1572199Z #18 19.81 ./src/modules/trpc/trpc-context.ts
build (products-feed)	Build and push	2026-02-03T17:04:49.1573019Z #18 19.81 5:43  Warning: 'res' is defined but never used. Allowed unused args must match /^_/u.  @typescript-eslint/no-unused-vars
build (products-feed)	Build and push	2026-02-03T17:04:49.1573861Z #18 19.81 
build (products-feed)	Build and push	2026-02-03T17:04:49.1574219Z #18 19.81 ./src/pages/api/feed/[url]/[channel]/google.xml.ts
build (products-feed)	Build and push	2026-02-03T17:04:49.1575055Z #18 19.81 155:24  Warning: Unexpected any. Specify a different type.  @typescript-eslint/no-explicit-any
build (products-feed)	Build and push	2026-02-03T17:04:49.1576350Z #18 19.81 199:12  Warning: 'error' is defined but never used. Allowed unused caught errors must match /^_/u.  @typescript-eslint/no-unused-vars
build (products-feed)	Build and push	2026-02-03T17:04:49.1577286Z #18 19.81 
build (products-feed)	Build and push	2026-02-03T17:04:49.1578108Z #18 19.81 info  - Need to disable some ESLint rules? Learn more here: https://nextjs.org/docs/app/api-reference/config/eslint#disabling-rules
build (products-feed)	Build and push	2026-02-03T17:04:49.3196352Z #18 19.83    Creating an optimized production build ...
build (products-feed)	Build and push	2026-02-03T17:05:19.8137760Z #18 50.47  â Compiled successfully
build (products-feed)	Build and push	2026-02-03T17:05:19.9651154Z #18 50.47    Collecting page data ...
build (products-feed)	Build and push	2026-02-03T17:05:20.4387146Z #18 51.10 â Invalid environment variables: {
build (products-feed)	Build and push	2026-02-03T17:05:20.4400528Z #18 51.10   SECRET_KEY: [ 'Required' ],
build (products-feed)	Build and push	2026-02-03T17:05:20.4401101Z #18 51.10   DYNAMODB_MAIN_TABLE_NAME: [ 'Required' ],
build (products-feed)	Build and push	2026-02-03T17:05:20.4401633Z #18 51.10   AWS_REGION: [ 'Required' ],
build (products-feed)	Build and push	2026-02-03T17:05:20.4402101Z #18 51.10   AWS_ACCESS_KEY_ID: [ 'Required' ],
build (products-feed)	Build and push	2026-02-03T17:05:20.4402700Z #18 51.10   AWS_SECRET_ACCESS_KEY: [ 'Required' ],
build (products-feed)	Build and push	2026-02-03T17:05:20.4403227Z #18 51.10   REQUEST_SECRET: [ 'Required' ]
build (products-feed)	Build and push	2026-02-03T17:05:20.4403669Z #18 51.10 }
build (products-feed)	Build and push	2026-02-03T17:05:20.5757826Z #18 51.10 Error: Invalid environment variables
build (products-feed)	Build and push	2026-02-03T17:05:20.5759146Z #18 51.10     at _ (.next/server/chunks/891.js:1:69325)
build (products-feed)	Build and push	2026-02-03T17:05:20.5759806Z #18 51.10     at <unknown> (.next/server/chunks/891.js:1:69505)
build (products-feed)	Build and push	2026-02-03T17:05:20.5760421Z #18 51.10     at n (.next/server/chunks/891.js:1:69813)
build (products-feed)	Build and push	2026-02-03T17:05:20.5760958Z #18 51.10     at 7923 (.next/server/pages/_app.js:1:655)
build (products-feed)	Build and push	2026-02-03T17:05:20.5761373Z #18 51.10     at t (.next/server/webpack-runtime.js:1:511)
build (products-feed)	Build and push	2026-02-03T17:05:20.5761870Z #18 51.10     at 15170 (.next/server/pages/_app.js:1:3754)
build (products-feed)	Build and push	2026-02-03T17:05:20.5762262Z #18 51.10     at t (.next/server/webpack-runtime.js:1:511)
build (products-feed)	Build and push	2026-02-03T17:05:20.5762742Z #18 51.10     at 52751 (.next/server/pages/_app.js:1:5345)
build (products-feed)	Build and push	2026-02-03T17:05:20.5765318Z #18 51.10     at t (.next/server/webpack-runtime.js:1:511)
build (products-feed)	Build and push	2026-02-03T17:05:20.5765967Z #18 51.10     at E (.next/server/pages/_app.js:1:6508)
build (products-feed)	Build and push	2026-02-03T17:05:20.5766516Z #18 51.11 
build (products-feed)	Build and push	2026-02-03T17:05:20.5766844Z #18 51.11 > Build error occurred
build (products-feed)	Build and push	2026-02-03T17:05:20.5768001Z #18 51.11 [Error: Failed to collect page data for /categories] { type: 'Error' }
build (products-feed)	Build and push	2026-02-03T17:05:20.5768925Z #18 51.24 /app/apps/products-feed:
build (products-feed)	Build and push	2026-02-03T17:05:20.5770348Z #18 51.24 âERR_PNPM_RECURSIVE_RUN_FIRST_FAILâ saleor-app-products-feed@2.1.11 build: `next build`
build (products-feed)	Build and push	2026-02-03T17:05:20.5771171Z #18 51.24 Exit status 1
build (products-feed)	Build and push	2026-02-03T17:05:21.3436394Z #18 ERROR: process "/bin/sh -c pnpm --filter ${APP_NAME} build" did not complete successfully: exit code: 1
build (products-feed)	Build and push	2026-02-03T17:05:21.3665339Z ------
build (products-feed)	Build and push	2026-02-03T17:05:21.3666059Z  > [builder 4/4] RUN pnpm --filter saleor-app-products-feed build:
build (products-feed)	Build and push	2026-02-03T17:05:21.3666938Z 51.10     at t (.next/server/webpack-runtime.js:1:511)
build (products-feed)	Build and push	2026-02-03T17:05:21.3667554Z 51.10     at 52751 (.next/server/pages/_app.js:1:5345)
build (products-feed)	Build and push	2026-02-03T17:05:21.3668041Z 51.10     at t (.next/server/webpack-runtime.js:1:511)
build (products-feed)	Build and push	2026-02-03T17:05:21.3668476Z 51.10     at E (.next/server/pages/_app.js:1:6508)
build (products-feed)	Build and push	2026-02-03T17:05:21.3669203Z 51.11 
build (products-feed)	Build and push	2026-02-03T17:05:21.3669577Z 51.11 > Build error occurred
build (products-feed)	Build and push	2026-02-03T17:05:21.3670371Z 51.11 [Error: Failed to collect page data for /categories] { type: 'Error' }
build (products-feed)	Build and push	2026-02-03T17:05:21.3671199Z 51.24 /app/apps/products-feed:
build (products-feed)	Build and push	2026-02-03T17:05:21.3672527Z 51.24 âERR_PNPM_RECURSIVE_RUN_FIRST_FAILâ saleor-app-products-feed@2.1.11 build: `next build`
build (products-feed)	Build and push	2026-02-03T17:05:21.3673542Z 51.24 Exit status 1
build (products-feed)	Build and push	2026-02-03T17:05:21.3673851Z ------
build (products-feed)	Build and push	2026-02-03T17:05:21.3674031Z 
build (products-feed)	Build and push	2026-02-03T17:05:21.3674360Z  [33m1 warning found (use docker --debug to expand):
build (products-feed)	Build and push	2026-02-03T17:05:21.3675754Z [0m - JSONArgsRecommended: JSON arguments recommended for CMD to prevent unintended behavior related to OS signals (line 60)
build (products-feed)	Build and push	2026-02-03T17:05:21.3683043Z Dockerfile.app:32
build (products-feed)	Build and push	2026-02-03T17:05:21.3683767Z --------------------
build (products-feed)	Build and push	2026-02-03T17:05:21.3684433Z   30 |     # Build the specific app
build (products-feed)	Build and push	2026-02-03T17:05:21.3684888Z   31 |     RUN npm install -g pnpm@10.2.1
build (products-feed)	Build and push	2026-02-03T17:05:21.3685368Z   32 | >>> RUN pnpm --filter ${APP_NAME} build
build (products-feed)	Build and push	2026-02-03T17:05:21.3685809Z   33 |     
build (products-feed)	Build and push	2026-02-03T17:05:21.3686203Z   34 |     # Production image, copy all the files and run next
build (products-feed)	Build and push	2026-02-03T17:05:21.3686723Z --------------------
build (products-feed)	Build and push	2026-02-03T17:05:21.3687602Z ERROR: failed to build: failed to solve: process "/bin/sh -c pnpm --filter ${APP_NAME} build" did not complete successfully: exit code: 1
build (products-feed)	Build and push	2026-02-03T17:05:21.3831297Z ##[error]buildx failed with: ERROR: failed to build: failed to solve: process "/bin/sh -c pnpm --filter ${APP_NAME} build" did not complete successfully: exit code: 1
build (products-feed)	Post Build and push	ï»¿2026-02-03T17:05:21.3965063Z Post job cleanup.
build (products-feed)	Post Build and push	2026-02-03T17:05:21.6196250Z ##[group]Removing temp folder /home/runner/work/_temp/docker-actions-toolkit-AS6i5X
build (products-feed)	Post Build and push	2026-02-03T17:05:21.6205159Z ##[endgroup]
build (products-feed)	Post Build and push	2026-02-03T17:05:21.6205555Z ##[group]Post cache
build (products-feed)	Post Build and push	2026-02-03T17:05:21.6207337Z State not set
build (products-feed)	Post Build and push	2026-02-03T17:05:21.6208180Z ##[endgroup]
build (products-feed)	Post Log in to GitHub Container Registry	ï»¿2026-02-03T17:05:21.6360137Z Post job cleanup.
build (products-feed)	Post Log in to GitHub Container Registry	2026-02-03T17:05:21.9359043Z ##[group]Logout from ghcr.io
build (products-feed)	Post Log in to GitHub Container Registry	2026-02-03T17:05:21.9407231Z [command]/usr/bin/docker logout ghcr.io
build (products-feed)	Post Log in to GitHub Container Registry	2026-02-03T17:05:21.9541470Z Removing login credentials for ghcr.io
build (products-feed)	Post Log in to GitHub Container Registry	2026-02-03T17:05:21.9573363Z ##[endgroup]
build (products-feed)	Post Log in to GitHub Container Registry	2026-02-03T17:05:21.9573782Z ##[group]Post cache
build (products-feed)	Post Log in to GitHub Container Registry	2026-02-03T17:05:21.9575854Z State not set
build (products-feed)	Post Log in to GitHub Container Registry	2026-02-03T17:05:21.9576696Z ##[endgroup]
build (products-feed)	Post Set up Docker Buildx	ï»¿2026-02-03T17:05:21.9713851Z Post job cleanup.
build (products-feed)	Post Set up Docker Buildx	2026-02-03T17:05:22.2190523Z ##[group]Removing builder
build (products-feed)	Post Set up Docker Buildx	2026-02-03T17:05:22.3459554Z [command]/usr/bin/docker buildx rm builder-574dabe4-e20c-459d-bd68-4dda92a5975f
build (products-feed)	Post Set up Docker Buildx	2026-02-03T17:05:30.4750977Z builder-574dabe4-e20c-459d-bd68-4dda92a5975f removed
build (products-feed)	Post Set up Docker Buildx	2026-02-03T17:05:30.4797272Z ##[endgroup]
build (products-feed)	Post Set up Docker Buildx	2026-02-03T17:05:30.4800261Z ##[group]Cleaning up certificates
build (products-feed)	Post Set up Docker Buildx	2026-02-03T17:05:30.4807468Z ##[endgroup]
build (products-feed)	Post Set up Docker Buildx	2026-02-03T17:05:30.4808332Z ##[group]Post cache
build (products-feed)	Post Set up Docker Buildx	2026-02-03T17:05:30.4810201Z State not set
build (products-feed)	Post Set up Docker Buildx	2026-02-03T17:05:30.4811793Z ##[endgroup]
build (products-feed)	Post Checkout repository	ï»¿2026-02-03T17:05:30.4996348Z Post job cleanup.
build (products-feed)	Post Checkout repository	2026-02-03T17:05:30.5969378Z [command]/usr/bin/git version
build (products-feed)	Post Checkout repository	2026-02-03T17:05:30.6006259Z git version 2.52.0
build (products-feed)	Post Checkout repository	2026-02-03T17:05:30.6050729Z Temporarily overriding HOME='/home/runner/work/_temp/390748f7-030c-416b-a9b3-a4f8f5efdb3e' before making global git config changes
build (products-feed)	Post Checkout repository	2026-02-03T17:05:30.6052077Z Adding repository directory to the temporary git global config as a safe directory
build (products-feed)	Post Checkout repository	2026-02-03T17:05:30.6057606Z [command]/usr/bin/git config --global --add safe.directory /home/runner/work/bright-store-apps/bright-store-apps
build (products-feed)	Post Checkout repository	2026-02-03T17:05:30.6097740Z [command]/usr/bin/git config --local --name-only --get-regexp core\.sshCommand
build (products-feed)	Post Checkout repository	2026-02-03T17:05:30.6130406Z [command]/usr/bin/git submodule foreach --recursive sh -c "git config --local --name-only --get-regexp 'core\.sshCommand' && git config --local --unset-all 'core.sshCommand' || :"
build (products-feed)	Post Checkout repository	2026-02-03T17:05:30.6360456Z [command]/usr/bin/git config --local --name-only --get-regexp http\.https\:\/\/github\.com\/\.extraheader
build (products-feed)	Post Checkout repository	2026-02-03T17:05:30.6381052Z http.https://github.com/.extraheader
build (products-feed)	Post Checkout repository	2026-02-03T17:05:30.6394445Z [command]/usr/bin/git config --local --unset-all http.https://github.com/.extraheader
build (products-feed)	Post Checkout repository	2026-02-03T17:05:30.6425079Z [command]/usr/bin/git submodule foreach --recursive sh -c "git config --local --name-only --get-regexp 'http\.https\:\/\/github\.com\/\.extraheader' && git config --local --unset-all 'http.https://github.com/.extraheader' || :"
build (products-feed)	Post Checkout repository	2026-02-03T17:05:30.6646803Z [command]/usr/bin/git config --local --name-only --get-regexp ^includeIf\.gitdir:
build (products-feed)	Post Checkout repository	2026-02-03T17:05:30.6677092Z [command]/usr/bin/git submodule foreach --recursive git config --local --show-origin --name-only --get-regexp remote.origin.url
build (products-feed)	Complete job	ï»¿2026-02-03T17:05:30.7034727Z Cleaning up orphan processes
